<?xml version="1.0" encoding="ISO-8859-1" ?>
<link_info>
   <banner>TI ARM Linker PC v20.2.6.LTS</banner>
   <copyright>Copyright (c) 1996-2018 Texas Instruments Incorporated</copyright>
   <link_time>0x6396d239</link_time>
   <link_errors>0x0</link_errors>
   <output_file>exampleQueue.out</output_file>
   <entry_point>
      <name>_c_int00_noargs</name>
      <address>0x480d</address>
   </entry_point>
   <input_file_list>
      <input_file id="fl-2">
         <path>.\</path>
         <kind>object</kind>
         <file>tm4c123gh6pm_startup_ccs.obj</file>
         <name>tm4c123gh6pm_startup_ccs.obj</name>
      </input_file>
      <input_file id="fl-3">
         <path>.\Application\</path>
         <kind>object</kind>
         <file>freertos_demo.obj</file>
         <name>freertos_demo.obj</name>
      </input_file>
      <input_file id="fl-4">
         <path>.\Application\</path>
         <kind>object</kind>
         <file>ledGreenStateMachine.obj</file>
         <name>ledGreenStateMachine.obj</name>
      </input_file>
      <input_file id="fl-5">
         <path>.\Application\</path>
         <kind>object</kind>
         <file>ledRedStateMachine.obj</file>
         <name>ledRedStateMachine.obj</name>
      </input_file>
      <input_file id="fl-6">
         <path>.\Application\</path>
         <kind>object</kind>
         <file>led_task.obj</file>
         <name>led_task.obj</name>
      </input_file>
      <input_file id="fl-7">
         <path>.\Application\</path>
         <kind>object</kind>
         <file>switch_task.obj</file>
         <name>switch_task.obj</name>
      </input_file>
      <input_file id="fl-8">
         <path>.\FreeRTOSSource\</path>
         <kind>object</kind>
         <file>croutine.obj</file>
         <name>croutine.obj</name>
      </input_file>
      <input_file id="fl-9">
         <path>.\FreeRTOSSource\</path>
         <kind>object</kind>
         <file>event_groups.obj</file>
         <name>event_groups.obj</name>
      </input_file>
      <input_file id="fl-a">
         <path>.\FreeRTOSSource\</path>
         <kind>object</kind>
         <file>heap_2.obj</file>
         <name>heap_2.obj</name>
      </input_file>
      <input_file id="fl-b">
         <path>.\FreeRTOSSource\</path>
         <kind>object</kind>
         <file>list.obj</file>
         <name>list.obj</name>
      </input_file>
      <input_file id="fl-c">
         <path>.\FreeRTOSSource\</path>
         <kind>object</kind>
         <file>port.obj</file>
         <name>port.obj</name>
      </input_file>
      <input_file id="fl-d">
         <path>.\FreeRTOSSource\</path>
         <kind>object</kind>
         <file>portasm.obj</file>
         <name>portasm.obj</name>
      </input_file>
      <input_file id="fl-e">
         <path>.\FreeRTOSSource\</path>
         <kind>object</kind>
         <file>queue.obj</file>
         <name>queue.obj</name>
      </input_file>
      <input_file id="fl-f">
         <path>.\FreeRTOSSource\</path>
         <kind>object</kind>
         <file>stream_buffer.obj</file>
         <name>stream_buffer.obj</name>
      </input_file>
      <input_file id="fl-10">
         <path>.\FreeRTOSSource\</path>
         <kind>object</kind>
         <file>tasks.obj</file>
         <name>tasks.obj</name>
      </input_file>
      <input_file id="fl-11">
         <path>.\FreeRTOSSource\</path>
         <kind>object</kind>
         <file>timers.obj</file>
         <name>timers.obj</name>
      </input_file>
      <input_file id="fl-12">
         <path>.\drivers\</path>
         <kind>object</kind>
         <file>buttons.obj</file>
         <name>buttons.obj</name>
      </input_file>
      <input_file id="fl-13">
         <path>.\drivers\</path>
         <kind>object</kind>
         <file>led.obj</file>
         <name>led.obj</name>
      </input_file>
      <input_file id="fl-14">
         <path>.\drivers\</path>
         <kind>object</kind>
         <file>rgb.obj</file>
         <name>rgb.obj</name>
      </input_file>
      <input_file id="fl-15">
         <path>.\drivers\</path>
         <kind>object</kind>
         <file>switches.obj</file>
         <name>switches.obj</name>
      </input_file>
      <input_file id="fl-16">
         <path>.\drivers\</path>
         <kind>object</kind>
         <file>uartstdio.obj</file>
         <name>uartstdio.obj</name>
      </input_file>
      <input_file id="fl-1b">
         <kind>object</kind>
         <file>&lt;internal&gt;</file>
         <name>&lt;internal&gt;</name>
      </input_file>
      <input_file id="fl-1c">
         <path>..\</path>
         <kind>archive</kind>
         <file>driverlib.lib</file>
         <name>gpio.obj</name>
      </input_file>
      <input_file id="fl-1d">
         <path>..\</path>
         <kind>archive</kind>
         <file>driverlib.lib</file>
         <name>interrupt.obj</name>
      </input_file>
      <input_file id="fl-1e">
         <path>..\</path>
         <kind>archive</kind>
         <file>driverlib.lib</file>
         <name>sysctl.obj</name>
      </input_file>
      <input_file id="fl-1f">
         <path>..\</path>
         <kind>archive</kind>
         <file>driverlib.lib</file>
         <name>uart.obj</name>
      </input_file>
      <input_file id="fl-20">
         <path>..\</path>
         <kind>archive</kind>
         <file>driverlib.lib</file>
         <name>cpu.obj</name>
      </input_file>
      <input_file id="fl-d6">
         <path>C:\ti\ccs1200\ccs\tools\compiler\ti-cgt-arm_20.2.6.LTS\lib\</path>
         <kind>archive</kind>
         <file>rtsv7M4_T_le_v4SPD16_eabi.lib</file>
         <name>fs_toull_t2.asm.obj</name>
      </input_file>
      <input_file id="fl-d7">
         <path>C:\ti\ccs1200\ccs\tools\compiler\ti-cgt-arm_20.2.6.LTS\lib\</path>
         <kind>archive</kind>
         <file>rtsv7M4_T_le_v4SPD16_eabi.lib</file>
         <name>memcpy_t2.asm.obj</name>
      </input_file>
      <input_file id="fl-d8">
         <path>C:\ti\ccs1200\ccs\tools\compiler\ti-cgt-arm_20.2.6.LTS\lib\</path>
         <kind>archive</kind>
         <file>rtsv7M4_T_le_v4SPD16_eabi.lib</file>
         <name>memset_t2.asm.obj</name>
      </input_file>
      <input_file id="fl-d9">
         <path>C:\ti\ccs1200\ccs\tools\compiler\ti-cgt-arm_20.2.6.LTS\lib\</path>
         <kind>archive</kind>
         <file>rtsv7M4_T_le_v4SPD16_eabi.lib</file>
         <name>u_divt2.asm.obj</name>
      </input_file>
      <input_file id="fl-da">
         <path>C:\ti\ccs1200\ccs\tools\compiler\ti-cgt-arm_20.2.6.LTS\lib\</path>
         <kind>archive</kind>
         <file>rtsv7M4_T_le_v4SPD16_eabi.lib</file>
         <name>copy_zero_init.c.obj</name>
      </input_file>
      <input_file id="fl-db">
         <path>C:\ti\ccs1200\ccs\tools\compiler\ti-cgt-arm_20.2.6.LTS\lib\</path>
         <kind>archive</kind>
         <file>rtsv7M4_T_le_v4SPD16_eabi.lib</file>
         <name>copy_decompress_none.c.obj</name>
      </input_file>
      <input_file id="fl-dc">
         <path>C:\ti\ccs1200\ccs\tools\compiler\ti-cgt-arm_20.2.6.LTS\lib\</path>
         <kind>archive</kind>
         <file>rtsv7M4_T_le_v4SPD16_eabi.lib</file>
         <name>copy_decompress_lzss.c.obj</name>
      </input_file>
      <input_file id="fl-dd">
         <path>C:\ti\ccs1200\ccs\tools\compiler\ti-cgt-arm_20.2.6.LTS\lib\</path>
         <kind>archive</kind>
         <file>rtsv7M4_T_le_v4SPD16_eabi.lib</file>
         <name>strcmp.c.obj</name>
      </input_file>
      <input_file id="fl-de">
         <path>C:\ti\ccs1200\ccs\tools\compiler\ti-cgt-arm_20.2.6.LTS\lib\</path>
         <kind>archive</kind>
         <file>rtsv7M4_T_le_v4SPD16_eabi.lib</file>
         <name>boot_cortex_m.c.obj</name>
      </input_file>
      <input_file id="fl-df">
         <path>C:\ti\ccs1200\ccs\tools\compiler\ti-cgt-arm_20.2.6.LTS\lib\</path>
         <kind>archive</kind>
         <file>rtsv7M4_T_le_v4SPD16_eabi.lib</file>
         <name>div0.asm.obj</name>
      </input_file>
      <input_file id="fl-e0">
         <path>C:\ti\ccs1200\ccs\tools\compiler\ti-cgt-arm_20.2.6.LTS\lib\</path>
         <kind>archive</kind>
         <file>rtsv7M4_T_le_v4SPD16_eabi.lib</file>
         <name>autoinit.c.obj</name>
      </input_file>
      <input_file id="fl-e1">
         <path>C:\ti\ccs1200\ccs\tools\compiler\ti-cgt-arm_20.2.6.LTS\lib\</path>
         <kind>archive</kind>
         <file>rtsv7M4_T_le_v4SPD16_eabi.lib</file>
         <name>pre_init.c.obj</name>
      </input_file>
      <input_file id="fl-e2">
         <path>C:\ti\ccs1200\ccs\tools\compiler\ti-cgt-arm_20.2.6.LTS\lib\</path>
         <kind>archive</kind>
         <file>rtsv7M4_T_le_v4SPD16_eabi.lib</file>
         <name>cpy_tbl.c.obj</name>
      </input_file>
      <input_file id="fl-e3">
         <path>C:\ti\ccs1200\ccs\tools\compiler\ti-cgt-arm_20.2.6.LTS\lib\</path>
         <kind>archive</kind>
         <file>rtsv7M4_T_le_v4SPD16_eabi.lib</file>
         <name>exit.c.obj</name>
      </input_file>
      <input_file id="fl-e4">
         <path>C:\ti\ccs1200\ccs\tools\compiler\ti-cgt-arm_20.2.6.LTS\lib\</path>
         <kind>archive</kind>
         <file>rtsv7M4_T_le_v4SPD16_eabi.lib</file>
         <name>_lock.c.obj</name>
      </input_file>
      <input_file id="fl-e5">
         <path>C:\ti\ccs1200\ccs\tools\compiler\ti-cgt-arm_20.2.6.LTS\lib\</path>
         <kind>archive</kind>
         <file>rtsv7M4_T_le_v4SPD16_eabi.lib</file>
         <name>args_main.c.obj</name>
      </input_file>
   </input_file_list>
   <object_component_list>
      <object_component id="oc-12">
         <name>.intvecs</name>
         <load_address>0x0</load_address>
         <run_address>0x0</run_address>
         <size>0x26c</size>
         <input_file_ref idref="fl-2"/>
      </object_component>
      <object_component id="oc-85">
         <name>.text</name>
         <load_address>0x26c</load_address>
         <run_address>0x26c</run_address>
         <size>0x18fc</size>
         <input_file_ref idref="fl-10"/>
      </object_component>
      <object_component id="oc-fb">
         <name>.text</name>
         <load_address>0x1b68</load_address>
         <run_address>0x1b68</run_address>
         <size>0xcdc</size>
         <input_file_ref idref="fl-e"/>
      </object_component>
      <object_component id="oc-38">
         <name>.text</name>
         <load_address>0x2844</load_address>
         <run_address>0x2844</run_address>
         <size>0x844</size>
         <input_file_ref idref="fl-3"/>
      </object_component>
      <object_component id="oc-101">
         <name>.text</name>
         <load_address>0x3088</load_address>
         <run_address>0x3088</run_address>
         <size>0x58c</size>
         <input_file_ref idref="fl-11"/>
      </object_component>
      <object_component id="oc-a1">
         <name>.text</name>
         <load_address>0x3614</load_address>
         <run_address>0x3614</run_address>
         <size>0x4dc</size>
         <input_file_ref idref="fl-16"/>
      </object_component>
      <object_component id="oc-187">
         <name>.text</name>
         <load_address>0x3af0</load_address>
         <run_address>0x3af0</run_address>
         <size>0x1b8</size>
         <input_file_ref idref="fl-a"/>
      </object_component>
      <object_component id="oc-1e4">
         <name>.text:GPIOPadConfigSet</name>
         <load_address>0x3ca8</load_address>
         <run_address>0x3ca8</run_address>
         <size>0x16c</size>
         <input_file_ref idref="fl-1c"/>
      </object_component>
      <object_component id="oc-32">
         <name>.text</name>
         <load_address>0x3e14</load_address>
         <run_address>0x3e14</run_address>
         <size>0x13c</size>
         <input_file_ref idref="fl-c"/>
      </object_component>
      <object_component id="oc-18d">
         <name>.text</name>
         <load_address>0x3f50</load_address>
         <run_address>0x3f50</run_address>
         <size>0x12a</size>
         <input_file_ref idref="fl-b"/>
      </object_component>
      <object_component id="oc-2ce">
         <name>.text</name>
         <load_address>0x407a</load_address>
         <run_address>0x407a</run_address>
         <size>0x2</size>
         <input_file_ref idref="fl-df"/>
      </object_component>
      <object_component id="oc-bf">
         <name>.text:SysCtlClockGet</name>
         <load_address>0x407c</load_address>
         <run_address>0x407c</run_address>
         <size>0x118</size>
         <input_file_ref idref="fl-1e"/>
      </object_component>
      <object_component id="oc-a7">
         <name>.text:SysCtlClockSet</name>
         <load_address>0x4194</load_address>
         <run_address>0x4194</run_address>
         <size>0xf4</size>
         <input_file_ref idref="fl-1e"/>
      </object_component>
      <object_component id="oc-2d">
         <name>.text</name>
         <load_address>0x4288</load_address>
         <run_address>0x4288</run_address>
         <size>0xda</size>
         <input_file_ref idref="fl-d"/>
      </object_component>
      <object_component id="oc-dd">
         <name>.text</name>
         <load_address>0x4364</load_address>
         <run_address>0x4364</run_address>
         <size>0xc4</size>
         <input_file_ref idref="fl-13"/>
      </object_component>
      <object_component id="oc-e3">
         <name>.text</name>
         <load_address>0x4428</load_address>
         <run_address>0x4428</run_address>
         <size>0xb0</size>
         <input_file_ref idref="fl-15"/>
      </object_component>
      <object_component id="oc-4c">
         <name>.text</name>
         <load_address>0x44d8</load_address>
         <run_address>0x44d8</run_address>
         <size>0x9c</size>
         <input_file_ref idref="fl-d7"/>
      </object_component>
      <object_component id="oc-165">
         <name>.text</name>
         <load_address>0x4574</load_address>
         <run_address>0x4574</run_address>
         <size>0x7a</size>
         <input_file_ref idref="fl-d8"/>
      </object_component>
      <object_component id="oc-d1">
         <name>.text:IntEnable</name>
         <load_address>0x45f0</load_address>
         <run_address>0x45f0</run_address>
         <size>0x68</size>
         <input_file_ref idref="fl-1d"/>
      </object_component>
      <object_component id="oc-15">
         <name>.text:decompress:lzss:__TI_decompress_lzss</name>
         <load_address>0x4658</load_address>
         <run_address>0x4658</run_address>
         <size>0x68</size>
         <input_file_ref idref="fl-dc"/>
      </object_component>
      <object_component id="oc-b3">
         <name>.text:GPIOPinConfigure</name>
         <load_address>0x46c0</load_address>
         <run_address>0x46c0</run_address>
         <size>0x4c</size>
         <input_file_ref idref="fl-1c"/>
      </object_component>
      <object_component id="oc-c5">
         <name>.text:UARTConfigSetExpClk</name>
         <load_address>0x470c</load_address>
         <run_address>0x470c</run_address>
         <size>0x46</size>
         <input_file_ref idref="fl-1f"/>
      </object_component>
      <object_component id="oc-26a">
         <name>.text:__TI_auto_init_nobinit_nopinit:__TI_auto_init_nobinit_nopinit</name>
         <load_address>0x4754</load_address>
         <run_address>0x4754</run_address>
         <size>0x44</size>
         <input_file_ref idref="fl-e0"/>
      </object_component>
      <object_component id="oc-1c7">
         <name>.text</name>
         <load_address>0x4798</load_address>
         <run_address>0x4798</run_address>
         <size>0x40</size>
         <input_file_ref idref="fl-d9"/>
      </object_component>
      <object_component id="oc-ad">
         <name>.text:SysCtlPeripheralEnable</name>
         <load_address>0x47d8</load_address>
         <run_address>0x47d8</run_address>
         <size>0x34</size>
         <input_file_ref idref="fl-1e"/>
      </object_component>
      <object_component id="oc-6a">
         <name>.text:_c_int00_noargs:_c_int00_noargs</name>
         <load_address>0x480c</load_address>
         <run_address>0x480c</run_address>
         <size>0x34</size>
         <input_file_ref idref="fl-de"/>
      </object_component>
      <object_component id="oc-1de">
         <name>.text:GPIODirModeSet</name>
         <load_address>0x4840</load_address>
         <run_address>0x4840</run_address>
         <size>0x2c</size>
         <input_file_ref idref="fl-1c"/>
      </object_component>
      <object_component id="oc-1ef">
         <name>.text:UARTDisable</name>
         <load_address>0x486c</load_address>
         <run_address>0x486c</run_address>
         <size>0x20</size>
         <input_file_ref idref="fl-1f"/>
      </object_component>
      <object_component id="oc-e9">
         <name>.text:GPIOPinTypeGPIOOutput</name>
         <load_address>0x488c</load_address>
         <run_address>0x488c</run_address>
         <size>0x1a</size>
         <input_file_ref idref="fl-1c"/>
      </object_component>
      <object_component id="oc-123">
         <name>.text:strcmp</name>
         <load_address>0x48a6</load_address>
         <run_address>0x48a6</run_address>
         <size>0x18</size>
         <input_file_ref idref="fl-dd"/>
      </object_component>
      <object_component id="oc-f5">
         <name>.text:GPIOPinTypeGPIOInput</name>
         <load_address>0x48be</load_address>
         <run_address>0x48be</run_address>
         <size>0x16</size>
         <input_file_ref idref="fl-1c"/>
      </object_component>
      <object_component id="oc-b9">
         <name>.text:GPIOPinTypeUART</name>
         <load_address>0x48d4</load_address>
         <run_address>0x48d4</run_address>
         <size>0x16</size>
         <input_file_ref idref="fl-1c"/>
      </object_component>
      <object_component id="oc-1f5">
         <name>.text:UARTEnable</name>
         <load_address>0x48ea</load_address>
         <run_address>0x48ea</run_address>
         <size>0x14</size>
         <input_file_ref idref="fl-1f"/>
      </object_component>
      <object_component id="oc-cb">
         <name>.text:IntMasterEnable</name>
         <load_address>0x48fe</load_address>
         <run_address>0x48fe</run_address>
         <size>0x10</size>
         <input_file_ref idref="fl-1d"/>
      </object_component>
      <object_component id="oc-116">
         <name>.text:UARTCharGetNonBlocking</name>
         <load_address>0x490e</load_address>
         <run_address>0x490e</run_address>
         <size>0xe</size>
         <input_file_ref idref="fl-1f"/>
      </object_component>
      <object_component id="oc-11d">
         <name>.text:UARTCharsAvail</name>
         <load_address>0x491c</load_address>
         <run_address>0x491c</run_address>
         <size>0xe</size>
         <input_file_ref idref="fl-1f"/>
      </object_component>
      <object_component id="oc-1b">
         <name>.text:decompress:none:__TI_decompress_none</name>
         <load_address>0x492a</load_address>
         <run_address>0x492a</run_address>
         <size>0xe</size>
         <input_file_ref idref="fl-db"/>
      </object_component>
      <object_component id="oc-1fc">
         <name>.text:CPUcpsie</name>
         <load_address>0x4938</load_address>
         <run_address>0x4938</run_address>
         <size>0xc</size>
         <input_file_ref idref="fl-20"/>
      </object_component>
      <object_component id="oc-5e">
         <name>.text:decompress:ZI:__TI_zero_init</name>
         <load_address>0x4944</load_address>
         <run_address>0x4944</run_address>
         <size>0xc</size>
         <input_file_ref idref="fl-da"/>
      </object_component>
      <object_component id="oc-27">
         <name>.text</name>
         <load_address>0x4950</load_address>
         <run_address>0x4950</run_address>
         <size>0xc</size>
         <input_file_ref idref="fl-2"/>
      </object_component>
      <object_component id="oc-10a">
         <name>.text:UARTIntStatus</name>
         <load_address>0x495c</load_address>
         <run_address>0x495c</run_address>
         <size>0xa</size>
         <input_file_ref idref="fl-1f"/>
      </object_component>
      <object_component id="oc-d7">
         <name>.text:UARTIntEnable</name>
         <load_address>0x4966</load_address>
         <run_address>0x4966</run_address>
         <size>0x8</size>
         <input_file_ref idref="fl-1f"/>
      </object_component>
      <object_component id="oc-12e">
         <name>.text:GPIOPinRead</name>
         <load_address>0x496e</load_address>
         <run_address>0x496e</run_address>
         <size>0x6</size>
         <input_file_ref idref="fl-1c"/>
      </object_component>
      <object_component id="oc-ef">
         <name>.text:GPIOPinWrite</name>
         <load_address>0x4974</load_address>
         <run_address>0x4974</run_address>
         <size>0x6</size>
         <input_file_ref idref="fl-1c"/>
      </object_component>
      <object_component id="oc-11c">
         <name>.text:SysCtlDelay</name>
         <load_address>0x497a</load_address>
         <run_address>0x497a</run_address>
         <size>0x6</size>
         <input_file_ref idref="fl-1e"/>
      </object_component>
      <object_component id="oc-9b">
         <name>.text:UARTClockSourceSet</name>
         <load_address>0x4980</load_address>
         <run_address>0x4980</run_address>
         <size>0x6</size>
         <input_file_ref idref="fl-1f"/>
      </object_component>
      <object_component id="oc-110">
         <name>.text:UARTIntClear</name>
         <load_address>0x4986</load_address>
         <run_address>0x4986</run_address>
         <size>0x4</size>
         <input_file_ref idref="fl-1f"/>
      </object_component>
      <object_component id="oc-16b">
         <name>.text:_system_pre_init</name>
         <load_address>0x498a</load_address>
         <run_address>0x498a</run_address>
         <size>0x4</size>
         <input_file_ref idref="fl-e1"/>
      </object_component>
      <object_component id="oc-25e">
         <name>.text:abort:abort</name>
         <load_address>0x498e</load_address>
         <run_address>0x498e</run_address>
         <size>0x4</size>
         <input_file_ref idref="fl-e3"/>
      </object_component>
      <object_component id="oc-1d9">
         <name>.const:g_pui32GPIOBaseAddrs</name>
         <load_address>0x4994</load_address>
         <run_address>0x4994</run_address>
         <size>0x90</size>
         <input_file_ref idref="fl-1c"/>
      </object_component>
      <object_component id="oc-1eb">
         <name>.const:g_pui32Xtals</name>
         <load_address>0x4a24</load_address>
         <run_address>0x4a24</run_address>
         <size>0x6c</size>
         <input_file_ref idref="fl-1e"/>
      </object_component>
      <object_component id="oc-203">
         <name>.const:g_pui32EnRegs</name>
         <load_address>0x4a90</load_address>
         <run_address>0x4a90</run_address>
         <size>0x14</size>
         <input_file_ref idref="fl-1d"/>
      </object_component>
      <object_component id="oc-2d4">
         <name>.const:.string</name>
         <load_address>0x4aa4</load_address>
         <run_address>0x4aa4</run_address>
         <size>0x12</size>
         <input_file_ref idref="fl-16"/>
      </object_component>
      <object_component id="oc-1c4">
         <name>.const:g_ui32UARTBase</name>
         <load_address>0x4ab8</load_address>
         <run_address>0x4ab8</run_address>
         <size>0xc</size>
         <input_file_ref idref="fl-16"/>
      </object_component>
      <object_component id="oc-1be">
         <name>.const:g_ui32UARTPeriph</name>
         <load_address>0x4ac4</load_address>
         <run_address>0x4ac4</run_address>
         <size>0xc</size>
         <input_file_ref idref="fl-16"/>
      </object_component>
      <object_component id="oc-82">
         <name>.const</name>
         <load_address>0x4ad0</load_address>
         <run_address>0x4ad0</run_address>
         <size>0x4</size>
         <input_file_ref idref="fl-c"/>
      </object_component>
      <object_component id="oc-1cc">
         <name>.const</name>
         <load_address>0x4ad4</load_address>
         <run_address>0x4ad4</run_address>
         <size>0x4</size>
         <input_file_ref idref="fl-16"/>
      </object_component>
      <object_component id="oc-3a0">
         <name>.cinit..data.load</name>
         <load_address>0x4ad8</load_address>
         <run_address>0x4ad8</run_address>
         <size>0x10</size>
      </object_component>
      <object_component id="oc-39e">
         <name>__TI_handler_table</name>
         <load_address>0x4ae8</load_address>
         <run_address>0x4ae8</run_address>
         <size>0xc</size>
      </object_component>
      <object_component id="oc-3a1">
         <name>.cinit..bss.load</name>
         <load_address>0x4af8</load_address>
         <run_address>0x4af8</run_address>
         <size>0x8</size>
      </object_component>
      <object_component id="oc-39f">
         <name>__TI_cinit_table</name>
         <load_address>0x4b00</load_address>
         <run_address>0x4b00</run_address>
         <size>0x10</size>
      </object_component>
      <object_component id="oc-12a">
         <name>.data</name>
         <load_address>0x200079e8</load_address>
         <run_address>0x200079e8</run_address>
         <size>0x7</size>
         <input_file_ref idref="fl-3"/>
      </object_component>
      <object_component id="oc-2a8">
         <name>.data</name>
         <load_address>0x200079e0</load_address>
         <run_address>0x200079e0</run_address>
         <size>0x8</size>
         <input_file_ref idref="fl-a"/>
      </object_component>
      <object_component id="oc-8c">
         <name>.data</name>
         <load_address>0x200079f8</load_address>
         <run_address>0x200079f8</run_address>
         <size>0x4</size>
         <input_file_ref idref="fl-c"/>
      </object_component>
      <object_component id="oc-7f">
         <name>.data</name>
         <load_address>0x200079a0</load_address>
         <run_address>0x200079a0</run_address>
         <size>0x34</size>
         <input_file_ref idref="fl-10"/>
      </object_component>
      <object_component id="oc-226">
         <name>.data</name>
         <load_address>0x200079d4</load_address>
         <run_address>0x200079d4</run_address>
         <size>0xc</size>
         <input_file_ref idref="fl-11"/>
      </object_component>
      <object_component id="oc-1c1">
         <name>.data</name>
         <load_address>0x200079f0</load_address>
         <run_address>0x200079f0</run_address>
         <size>0x5</size>
         <input_file_ref idref="fl-16"/>
      </object_component>
      <object_component id="oc-2b1">
         <name>.bss:ucHeap</name>
         <uninitialized>true</uninitialized>
         <run_address>0x20000000</run_address>
         <size>0x7530</size>
         <input_file_ref idref="fl-a"/>
      </object_component>
      <object_component id="oc-2ab">
         <name>.bss:xStart</name>
         <uninitialized>true</uninitialized>
         <run_address>0x2000778c</run_address>
         <size>0x8</size>
         <input_file_ref idref="fl-a"/>
      </object_component>
      <object_component id="oc-2ae">
         <name>.bss:xEnd</name>
         <uninitialized>true</uninitialized>
         <run_address>0x20007784</run_address>
         <size>0x8</size>
         <input_file_ref idref="fl-a"/>
      </object_component>
      <object_component id="oc-193">
         <name>.bss:pxReadyTasksLists</name>
         <uninitialized>true</uninitialized>
         <run_address>0x20007530</run_address>
         <size>0x140</size>
         <input_file_ref idref="fl-10"/>
      </object_component>
      <object_component id="oc-1a2">
         <name>.bss:xDelayedTaskList1</name>
         <uninitialized>true</uninitialized>
         <run_address>0x20007710</run_address>
         <size>0x14</size>
         <input_file_ref idref="fl-10"/>
      </object_component>
      <object_component id="oc-1a5">
         <name>.bss:xDelayedTaskList2</name>
         <uninitialized>true</uninitialized>
         <run_address>0x20007724</run_address>
         <size>0x14</size>
         <input_file_ref idref="fl-10"/>
      </object_component>
      <object_component id="oc-199">
         <name>.bss</name>
         <uninitialized>true</uninitialized>
         <run_address>0x20007774</run_address>
         <size>0x8</size>
         <input_file_ref idref="fl-10"/>
      </object_component>
      <object_component id="oc-19f">
         <name>.bss:xPendingReadyList</name>
         <uninitialized>true</uninitialized>
         <run_address>0x20007738</run_address>
         <size>0x14</size>
         <input_file_ref idref="fl-10"/>
      </object_component>
      <object_component id="oc-196">
         <name>.bss:xTasksWaitingTermination</name>
         <uninitialized>true</uninitialized>
         <run_address>0x20007760</run_address>
         <size>0x14</size>
         <input_file_ref idref="fl-10"/>
      </object_component>
      <object_component id="oc-19c">
         <name>.bss:xSuspendedTaskList</name>
         <uninitialized>true</uninitialized>
         <run_address>0x2000774c</run_address>
         <size>0x14</size>
         <input_file_ref idref="fl-10"/>
      </object_component>
      <object_component id="oc-22c">
         <name>.bss:xActiveTimerList1</name>
         <uninitialized>true</uninitialized>
         <run_address>0x200076e8</run_address>
         <size>0x14</size>
         <input_file_ref idref="fl-11"/>
      </object_component>
      <object_component id="oc-22f">
         <name>.bss:xActiveTimerList2</name>
         <uninitialized>true</uninitialized>
         <run_address>0x200076fc</run_address>
         <size>0x14</size>
         <input_file_ref idref="fl-11"/>
      </object_component>
      <object_component id="oc-229">
         <name>.bss</name>
         <uninitialized>true</uninitialized>
         <run_address>0x2000777c</run_address>
         <size>0x8</size>
         <input_file_ref idref="fl-11"/>
      </object_component>
      <object_component id="oc-107">
         <name>.common:myTimer</name>
         <uninitialized>true</uninitialized>
         <run_address>0x20007794</run_address>
         <size>0x4</size>
      </object_component>
      <object_component id="oc-12d">
         <name>.common:str</name>
         <uninitialized>true</uninitialized>
         <run_address>0x200076c0</run_address>
         <size>0x28</size>
      </object_component>
      <object_component id="oc-129">
         <name>.common:xQueue</name>
         <uninitialized>true</uninitialized>
         <run_address>0x20007798</run_address>
         <size>0x4</size>
      </object_component>
      <object_component id="oc-218">
         <name>.common:xQueueRegistry</name>
         <uninitialized>true</uninitialized>
         <run_address>0x20007670</run_address>
         <size>0x50</size>
      </object_component>
      <object_component id="oc-24">
         <name>.stack</name>
         <uninitialized>true</uninitialized>
         <run_address>0x200077a0</run_address>
         <size>0x4</size>
         <input_file_ref idref="fl-de"/>
      </object_component>
      <object_component id="oc-3a3">
         <name>.stack</name>
         <uninitialized>true</uninitialized>
         <run_address>0x200077a0</run_address>
         <size>0x0</size>
      </object_component>
      <object_component id="oc-40">
         <name>.debug_info</name>
         <load_address>0x0</load_address>
         <run_address>0x0</run_address>
         <size>0x37e</size>
         <input_file_ref idref="fl-2"/>
      </object_component>
      <object_component id="oc-13">
         <name>.debug_info</name>
         <load_address>0x37e</load_address>
         <run_address>0x37e</run_address>
         <size>0x119</size>
         <input_file_ref idref="fl-2"/>
      </object_component>
      <object_component id="oc-28">
         <name>.debug_info</name>
         <load_address>0x497</load_address>
         <run_address>0x497</run_address>
         <size>0x295</size>
         <input_file_ref idref="fl-2"/>
      </object_component>
      <object_component id="oc-14b">
         <name>.debug_info</name>
         <load_address>0x72c</load_address>
         <run_address>0x72c</run_address>
         <size>0x26b</size>
         <input_file_ref idref="fl-2"/>
      </object_component>
      <object_component id="oc-47">
         <name>.debug_info</name>
         <load_address>0x997</load_address>
         <run_address>0x997</run_address>
         <size>0x84</size>
         <input_file_ref idref="fl-2"/>
      </object_component>
      <object_component id="oc-249">
         <name>.debug_info</name>
         <load_address>0xa1b</load_address>
         <run_address>0xa1b</run_address>
         <size>0x2a4</size>
         <input_file_ref idref="fl-2"/>
      </object_component>
      <object_component id="oc-2df">
         <name>.debug_info</name>
         <load_address>0xcbf</load_address>
         <run_address>0xcbf</run_address>
         <size>0xef</size>
         <input_file_ref idref="fl-2"/>
      </object_component>
      <object_component id="oc-13a">
         <name>.debug_info</name>
         <load_address>0xdae</load_address>
         <run_address>0xdae</run_address>
         <size>0xbb</size>
         <input_file_ref idref="fl-2"/>
      </object_component>
      <object_component id="oc-108">
         <name>.debug_info</name>
         <load_address>0xe69</load_address>
         <run_address>0xe69</run_address>
         <size>0xbc6</size>
         <input_file_ref idref="fl-3"/>
      </object_component>
      <object_component id="oc-12b">
         <name>.debug_info</name>
         <load_address>0x1a2f</load_address>
         <run_address>0x1a2f</run_address>
         <size>0x1da</size>
         <input_file_ref idref="fl-3"/>
      </object_component>
      <object_component id="oc-39">
         <name>.debug_info</name>
         <load_address>0x1c09</load_address>
         <run_address>0x1c09</run_address>
         <size>0x1163</size>
         <input_file_ref idref="fl-3"/>
      </object_component>
      <object_component id="oc-180">
         <name>.debug_info</name>
         <load_address>0x2d6c</load_address>
         <run_address>0x2d6c</run_address>
         <size>0x30c</size>
         <input_file_ref idref="fl-3"/>
      </object_component>
      <object_component id="oc-210">
         <name>.debug_info</name>
         <load_address>0x3078</load_address>
         <run_address>0x3078</run_address>
         <size>0x48</size>
         <input_file_ref idref="fl-3"/>
      </object_component>
      <object_component id="oc-13f">
         <name>.debug_info</name>
         <load_address>0x30c0</load_address>
         <run_address>0x30c0</run_address>
         <size>0x5e</size>
         <input_file_ref idref="fl-3"/>
      </object_component>
      <object_component id="oc-1b7">
         <name>.debug_info</name>
         <load_address>0x311e</load_address>
         <run_address>0x311e</run_address>
         <size>0x44c</size>
         <input_file_ref idref="fl-3"/>
      </object_component>
      <object_component id="oc-135">
         <name>.debug_info</name>
         <load_address>0x356a</load_address>
         <run_address>0x356a</run_address>
         <size>0x8b</size>
         <input_file_ref idref="fl-3"/>
      </object_component>
      <object_component id="oc-21c">
         <name>.debug_info</name>
         <load_address>0x35f5</load_address>
         <run_address>0x35f5</run_address>
         <size>0x46</size>
         <input_file_ref idref="fl-3"/>
      </object_component>
      <object_component id="oc-144">
         <name>.debug_info</name>
         <load_address>0x363b</load_address>
         <run_address>0x363b</run_address>
         <size>0x46</size>
         <input_file_ref idref="fl-3"/>
      </object_component>
      <object_component id="oc-91">
         <name>.debug_info</name>
         <load_address>0x3681</load_address>
         <run_address>0x3681</run_address>
         <size>0x2c</size>
         <input_file_ref idref="fl-3"/>
      </object_component>
      <object_component id="oc-1ad">
         <name>.debug_info</name>
         <load_address>0x36ad</load_address>
         <run_address>0x36ad</run_address>
         <size>0x53</size>
         <input_file_ref idref="fl-3"/>
      </object_component>
      <object_component id="oc-96">
         <name>.debug_info</name>
         <load_address>0x3700</load_address>
         <run_address>0x3700</run_address>
         <size>0x53</size>
         <input_file_ref idref="fl-3"/>
      </object_component>
      <object_component id="oc-1d1">
         <name>.debug_info</name>
         <load_address>0x3753</load_address>
         <run_address>0x3753</run_address>
         <size>0x2c</size>
         <input_file_ref idref="fl-3"/>
      </object_component>
      <object_component id="oc-23b">
         <name>.debug_info</name>
         <load_address>0x377f</load_address>
         <run_address>0x377f</run_address>
         <size>0x35</size>
         <input_file_ref idref="fl-3"/>
      </object_component>
      <object_component id="oc-20a">
         <name>.debug_info</name>
         <load_address>0x37b4</load_address>
         <run_address>0x37b4</run_address>
         <size>0x71</size>
         <input_file_ref idref="fl-3"/>
      </object_component>
      <object_component id="oc-1b2">
         <name>.debug_info</name>
         <load_address>0x3825</load_address>
         <run_address>0x3825</run_address>
         <size>0x14c</size>
         <input_file_ref idref="fl-3"/>
      </object_component>
      <object_component id="oc-2fa">
         <name>.debug_info</name>
         <load_address>0x3971</load_address>
         <run_address>0x3971</run_address>
         <size>0x63b</size>
         <input_file_ref idref="fl-9"/>
      </object_component>
      <object_component id="oc-221">
         <name>.debug_info</name>
         <load_address>0x3fac</load_address>
         <run_address>0x3fac</run_address>
         <size>0x110</size>
         <input_file_ref idref="fl-9"/>
      </object_component>
      <object_component id="oc-2a3">
         <name>.debug_info</name>
         <load_address>0x40bc</load_address>
         <run_address>0x40bc</run_address>
         <size>0x44c</size>
         <input_file_ref idref="fl-9"/>
      </object_component>
      <object_component id="oc-33b">
         <name>.debug_info</name>
         <load_address>0x4508</load_address>
         <run_address>0x4508</run_address>
         <size>0x39</size>
         <input_file_ref idref="fl-9"/>
      </object_component>
      <object_component id="oc-340">
         <name>.debug_info</name>
         <load_address>0x4541</load_address>
         <run_address>0x4541</run_address>
         <size>0x76</size>
         <input_file_ref idref="fl-9"/>
      </object_component>
      <object_component id="oc-2b5">
         <name>.debug_info</name>
         <load_address>0x45b7</load_address>
         <run_address>0x45b7</run_address>
         <size>0x422</size>
         <input_file_ref idref="fl-a"/>
      </object_component>
      <object_component id="oc-2b2">
         <name>.debug_info</name>
         <load_address>0x49d9</load_address>
         <run_address>0x49d9</run_address>
         <size>0x109</size>
         <input_file_ref idref="fl-a"/>
      </object_component>
      <object_component id="oc-2ac">
         <name>.debug_info</name>
         <load_address>0x4ae2</load_address>
         <run_address>0x4ae2</run_address>
         <size>0x109</size>
         <input_file_ref idref="fl-a"/>
      </object_component>
      <object_component id="oc-2af">
         <name>.debug_info</name>
         <load_address>0x4beb</load_address>
         <run_address>0x4beb</run_address>
         <size>0x105</size>
         <input_file_ref idref="fl-a"/>
      </object_component>
      <object_component id="oc-2a9">
         <name>.debug_info</name>
         <load_address>0x4cf0</load_address>
         <run_address>0x4cf0</run_address>
         <size>0x123</size>
         <input_file_ref idref="fl-a"/>
      </object_component>
      <object_component id="oc-189">
         <name>.debug_info</name>
         <load_address>0x4e13</load_address>
         <run_address>0x4e13</run_address>
         <size>0x615</size>
         <input_file_ref idref="fl-a"/>
      </object_component>
      <object_component id="oc-32b">
         <name>.debug_info</name>
         <load_address>0x5428</load_address>
         <run_address>0x5428</run_address>
         <size>0x62</size>
         <input_file_ref idref="fl-a"/>
      </object_component>
      <object_component id="oc-2b7">
         <name>.debug_info</name>
         <load_address>0x548a</load_address>
         <run_address>0x548a</run_address>
         <size>0x38f</size>
         <input_file_ref idref="fl-b"/>
      </object_component>
      <object_component id="oc-191">
         <name>.debug_info</name>
         <load_address>0x5819</load_address>
         <run_address>0x5819</run_address>
         <size>0x517</size>
         <input_file_ref idref="fl-b"/>
      </object_component>
      <object_component id="oc-90">
         <name>.debug_info</name>
         <load_address>0x5d30</load_address>
         <run_address>0x5d30</run_address>
         <size>0x40e</size>
         <input_file_ref idref="fl-c"/>
      </object_component>
      <object_component id="oc-83">
         <name>.debug_info</name>
         <load_address>0x613e</load_address>
         <run_address>0x613e</run_address>
         <size>0x136</size>
         <input_file_ref idref="fl-c"/>
      </object_component>
      <object_component id="oc-8d">
         <name>.debug_info</name>
         <load_address>0x6274</load_address>
         <run_address>0x6274</run_address>
         <size>0x11d</size>
         <input_file_ref idref="fl-c"/>
      </object_component>
      <object_component id="oc-33">
         <name>.debug_info</name>
         <load_address>0x6391</load_address>
         <run_address>0x6391</run_address>
         <size>0x5cd</size>
         <input_file_ref idref="fl-c"/>
      </object_component>
      <object_component id="oc-30">
         <name>.debug_info</name>
         <load_address>0x695e</load_address>
         <run_address>0x695e</run_address>
         <size>0x26b</size>
         <input_file_ref idref="fl-d"/>
      </object_component>
      <object_component id="oc-219">
         <name>.debug_info</name>
         <load_address>0x6bc9</load_address>
         <run_address>0x6bc9</run_address>
         <size>0x8b2</size>
         <input_file_ref idref="fl-e"/>
      </object_component>
      <object_component id="oc-fc">
         <name>.debug_info</name>
         <load_address>0x747b</load_address>
         <run_address>0x747b</run_address>
         <size>0x367d</size>
         <input_file_ref idref="fl-e"/>
      </object_component>
      <object_component id="oc-2f5">
         <name>.debug_info</name>
         <load_address>0xaaf8</load_address>
         <run_address>0xaaf8</run_address>
         <size>0x1cd</size>
         <input_file_ref idref="fl-e"/>
      </object_component>
      <object_component id="oc-255">
         <name>.debug_info</name>
         <load_address>0xacc5</load_address>
         <run_address>0xacc5</run_address>
         <size>0x2c</size>
         <input_file_ref idref="fl-f"/>
      </object_component>
      <object_component id="oc-17f">
         <name>.debug_info</name>
         <load_address>0xacf1</load_address>
         <run_address>0xacf1</run_address>
         <size>0x7ef</size>
         <input_file_ref idref="fl-10"/>
      </object_component>
      <object_component id="oc-80">
         <name>.debug_info</name>
         <load_address>0xb4e0</load_address>
         <run_address>0xb4e0</run_address>
         <size>0x378</size>
         <input_file_ref idref="fl-10"/>
      </object_component>
      <object_component id="oc-194">
         <name>.debug_info</name>
         <load_address>0xb858</load_address>
         <run_address>0xb858</run_address>
         <size>0x11f</size>
         <input_file_ref idref="fl-10"/>
      </object_component>
      <object_component id="oc-1a3">
         <name>.debug_info</name>
         <load_address>0xb977</load_address>
         <run_address>0xb977</run_address>
         <size>0x11f</size>
         <input_file_ref idref="fl-10"/>
      </object_component>
      <object_component id="oc-1a6">
         <name>.debug_info</name>
         <load_address>0xba96</load_address>
         <run_address>0xba96</run_address>
         <size>0x11f</size>
         <input_file_ref idref="fl-10"/>
      </object_component>
      <object_component id="oc-19a">
         <name>.debug_info</name>
         <load_address>0xbbb5</load_address>
         <run_address>0xbbb5</run_address>
         <size>0x162</size>
         <input_file_ref idref="fl-10"/>
      </object_component>
      <object_component id="oc-1a0">
         <name>.debug_info</name>
         <load_address>0xbd17</load_address>
         <run_address>0xbd17</run_address>
         <size>0x11f</size>
         <input_file_ref idref="fl-10"/>
      </object_component>
      <object_component id="oc-197">
         <name>.debug_info</name>
         <load_address>0xbe36</load_address>
         <run_address>0xbe36</run_address>
         <size>0x12d</size>
         <input_file_ref idref="fl-10"/>
      </object_component>
      <object_component id="oc-19d">
         <name>.debug_info</name>
         <load_address>0xbf63</load_address>
         <run_address>0xbf63</run_address>
         <size>0x121</size>
         <input_file_ref idref="fl-10"/>
      </object_component>
      <object_component id="oc-87">
         <name>.debug_info</name>
         <load_address>0xc084</load_address>
         <run_address>0xc084</run_address>
         <size>0x4ddb</size>
         <input_file_ref idref="fl-10"/>
      </object_component>
      <object_component id="oc-29e">
         <name>.debug_info</name>
         <load_address>0x10e5f</load_address>
         <run_address>0x10e5f</run_address>
         <size>0x146</size>
         <input_file_ref idref="fl-10"/>
      </object_component>
      <object_component id="oc-233">
         <name>.debug_info</name>
         <load_address>0x10fa5</load_address>
         <run_address>0x10fa5</run_address>
         <size>0x85c</size>
         <input_file_ref idref="fl-11"/>
      </object_component>
      <object_component id="oc-22d">
         <name>.debug_info</name>
         <load_address>0x11801</load_address>
         <run_address>0x11801</run_address>
         <size>0x11f</size>
         <input_file_ref idref="fl-11"/>
      </object_component>
      <object_component id="oc-230">
         <name>.debug_info</name>
         <load_address>0x11920</load_address>
         <run_address>0x11920</run_address>
         <size>0x11f</size>
         <input_file_ref idref="fl-11"/>
      </object_component>
      <object_component id="oc-22a">
         <name>.debug_info</name>
         <load_address>0x11a3f</load_address>
         <run_address>0x11a3f</run_address>
         <size>0x157</size>
         <input_file_ref idref="fl-11"/>
      </object_component>
      <object_component id="oc-227">
         <name>.debug_info</name>
         <load_address>0x11b96</load_address>
         <run_address>0x11b96</run_address>
         <size>0x143</size>
         <input_file_ref idref="fl-11"/>
      </object_component>
      <object_component id="oc-103">
         <name>.debug_info</name>
         <load_address>0x11cd9</load_address>
         <run_address>0x11cd9</run_address>
         <size>0x1da8</size>
         <input_file_ref idref="fl-11"/>
      </object_component>
      <object_component id="oc-234">
         <name>.debug_info</name>
         <load_address>0x13a81</load_address>
         <run_address>0x13a81</run_address>
         <size>0x1ce</size>
         <input_file_ref idref="fl-11"/>
      </object_component>
      <object_component id="oc-de">
         <name>.debug_info</name>
         <load_address>0x13c4f</load_address>
         <run_address>0x13c4f</run_address>
         <size>0x2b2</size>
         <input_file_ref idref="fl-13"/>
      </object_component>
      <object_component id="oc-e7">
         <name>.debug_info</name>
         <load_address>0x13f01</load_address>
         <run_address>0x13f01</run_address>
         <size>0x2bb</size>
         <input_file_ref idref="fl-15"/>
      </object_component>
      <object_component id="oc-1d0">
         <name>.debug_info</name>
         <load_address>0x141bc</load_address>
         <run_address>0x141bc</run_address>
         <size>0x2cc</size>
         <input_file_ref idref="fl-16"/>
      </object_component>
      <object_component id="oc-1c2">
         <name>.debug_info</name>
         <load_address>0x14488</load_address>
         <run_address>0x14488</run_address>
         <size>0x10d</size>
         <input_file_ref idref="fl-16"/>
      </object_component>
      <object_component id="oc-1cd">
         <name>.debug_info</name>
         <load_address>0x14595</load_address>
         <run_address>0x14595</run_address>
         <size>0x107</size>
         <input_file_ref idref="fl-16"/>
      </object_component>
      <object_component id="oc-1c5">
         <name>.debug_info</name>
         <load_address>0x1469c</load_address>
         <run_address>0x1469c</run_address>
         <size>0x115</size>
         <input_file_ref idref="fl-16"/>
      </object_component>
      <object_component id="oc-1bf">
         <name>.debug_info</name>
         <load_address>0x147b1</load_address>
         <run_address>0x147b1</run_address>
         <size>0x119</size>
         <input_file_ref idref="fl-16"/>
      </object_component>
      <object_component id="oc-a4">
         <name>.debug_info</name>
         <load_address>0x148ca</load_address>
         <run_address>0x148ca</run_address>
         <size>0x795</size>
         <input_file_ref idref="fl-16"/>
      </object_component>
      <object_component id="oc-1dd">
         <name>.debug_info</name>
         <load_address>0x1505f</load_address>
         <run_address>0x1505f</run_address>
         <size>0x395</size>
         <input_file_ref idref="fl-1c"/>
      </object_component>
      <object_component id="oc-1da">
         <name>.debug_info</name>
         <load_address>0x153f4</load_address>
         <run_address>0x153f4</run_address>
         <size>0x115</size>
         <input_file_ref idref="fl-1c"/>
      </object_component>
      <object_component id="oc-f0">
         <name>.debug_info</name>
         <load_address>0x15509</load_address>
         <run_address>0x15509</run_address>
         <size>0x20f</size>
         <input_file_ref idref="fl-1c"/>
      </object_component>
      <object_component id="oc-1df">
         <name>.debug_info</name>
         <load_address>0x15718</load_address>
         <run_address>0x15718</run_address>
         <size>0x21f</size>
         <input_file_ref idref="fl-1c"/>
      </object_component>
      <object_component id="oc-1e5">
         <name>.debug_info</name>
         <load_address>0x15937</load_address>
         <run_address>0x15937</run_address>
         <size>0x282</size>
         <input_file_ref idref="fl-1c"/>
      </object_component>
      <object_component id="oc-ba">
         <name>.debug_info</name>
         <load_address>0x15bb9</load_address>
         <run_address>0x15bb9</run_address>
         <size>0x1fe</size>
         <input_file_ref idref="fl-1c"/>
      </object_component>
      <object_component id="oc-ed">
         <name>.debug_info</name>
         <load_address>0x15db7</load_address>
         <run_address>0x15db7</run_address>
         <size>0x223</size>
         <input_file_ref idref="fl-1c"/>
      </object_component>
      <object_component id="oc-f9">
         <name>.debug_info</name>
         <load_address>0x15fda</load_address>
         <run_address>0x15fda</run_address>
         <size>0x208</size>
         <input_file_ref idref="fl-1c"/>
      </object_component>
      <object_component id="oc-132">
         <name>.debug_info</name>
         <load_address>0x161e2</load_address>
         <run_address>0x161e2</run_address>
         <size>0x1e7</size>
         <input_file_ref idref="fl-1c"/>
      </object_component>
      <object_component id="oc-b7">
         <name>.debug_info</name>
         <load_address>0x163c9</load_address>
         <run_address>0x163c9</run_address>
         <size>0x1ec</size>
         <input_file_ref idref="fl-1c"/>
      </object_component>
      <object_component id="oc-207">
         <name>.debug_info</name>
         <load_address>0x165b5</load_address>
         <run_address>0x165b5</run_address>
         <size>0x368</size>
         <input_file_ref idref="fl-1d"/>
      </object_component>
      <object_component id="oc-204">
         <name>.debug_info</name>
         <load_address>0x1691d</load_address>
         <run_address>0x1691d</run_address>
         <size>0x10c</size>
         <input_file_ref idref="fl-1d"/>
      </object_component>
      <object_component id="oc-cf">
         <name>.debug_info</name>
         <load_address>0x16a29</load_address>
         <run_address>0x16a29</run_address>
         <size>0x1aa</size>
         <input_file_ref idref="fl-1d"/>
      </object_component>
      <object_component id="oc-d5">
         <name>.debug_info</name>
         <load_address>0x16bd3</load_address>
         <run_address>0x16bd3</run_address>
         <size>0x1d4</size>
         <input_file_ref idref="fl-1d"/>
      </object_component>
      <object_component id="oc-1d7">
         <name>.debug_info</name>
         <load_address>0x16da7</load_address>
         <run_address>0x16da7</run_address>
         <size>0x3f2</size>
         <input_file_ref idref="fl-1e"/>
      </object_component>
      <object_component id="oc-1ec">
         <name>.debug_info</name>
         <load_address>0x17199</load_address>
         <run_address>0x17199</run_address>
         <size>0x107</size>
         <input_file_ref idref="fl-1e"/>
      </object_component>
      <object_component id="oc-b0">
         <name>.debug_info</name>
         <load_address>0x172a0</load_address>
         <run_address>0x172a0</run_address>
         <size>0x1e9</size>
         <input_file_ref idref="fl-1e"/>
      </object_component>
      <object_component id="oc-aa">
         <name>.debug_info</name>
         <load_address>0x17489</load_address>
         <run_address>0x17489</run_address>
         <size>0x247</size>
         <input_file_ref idref="fl-1e"/>
      </object_component>
      <object_component id="oc-c2">
         <name>.debug_info</name>
         <load_address>0x176d0</load_address>
         <run_address>0x176d0</run_address>
         <size>0x221</size>
         <input_file_ref idref="fl-1e"/>
      </object_component>
      <object_component id="oc-2db">
         <name>.debug_info</name>
         <load_address>0x178f1</load_address>
         <run_address>0x178f1</run_address>
         <size>0x51</size>
         <input_file_ref idref="fl-1e"/>
      </object_component>
      <object_component id="oc-1bd">
         <name>.debug_info</name>
         <load_address>0x17942</load_address>
         <run_address>0x17942</run_address>
         <size>0x37c</size>
         <input_file_ref idref="fl-1f"/>
      </object_component>
      <object_component id="oc-10c">
         <name>.debug_info</name>
         <load_address>0x17cbe</load_address>
         <run_address>0x17cbe</run_address>
         <size>0x1eb</size>
         <input_file_ref idref="fl-1f"/>
      </object_component>
      <object_component id="oc-d9">
         <name>.debug_info</name>
         <load_address>0x17ea9</load_address>
         <run_address>0x17ea9</run_address>
         <size>0x1fb</size>
         <input_file_ref idref="fl-1f"/>
      </object_component>
      <object_component id="oc-112">
         <name>.debug_info</name>
         <load_address>0x180a4</load_address>
         <run_address>0x180a4</run_address>
         <size>0x1f9</size>
         <input_file_ref idref="fl-1f"/>
      </object_component>
      <object_component id="oc-1f7">
         <name>.debug_info</name>
         <load_address>0x1829d</load_address>
         <run_address>0x1829d</run_address>
         <size>0x1b3</size>
         <input_file_ref idref="fl-1f"/>
      </object_component>
      <object_component id="oc-1f1">
         <name>.debug_info</name>
         <load_address>0x18450</load_address>
         <run_address>0x18450</run_address>
         <size>0x1b5</size>
         <input_file_ref idref="fl-1f"/>
      </object_component>
      <object_component id="oc-c7">
         <name>.debug_info</name>
         <load_address>0x18605</load_address>
         <run_address>0x18605</run_address>
         <size>0x292</size>
         <input_file_ref idref="fl-1f"/>
      </object_component>
      <object_component id="oc-9d">
         <name>.debug_info</name>
         <load_address>0x18897</load_address>
         <run_address>0x18897</run_address>
         <size>0x1fd</size>
         <input_file_ref idref="fl-1f"/>
      </object_component>
      <object_component id="oc-11f">
         <name>.debug_info</name>
         <load_address>0x18a94</load_address>
         <run_address>0x18a94</run_address>
         <size>0x1bf</size>
         <input_file_ref idref="fl-1f"/>
      </object_component>
      <object_component id="oc-119">
         <name>.debug_info</name>
         <load_address>0x18c53</load_address>
         <run_address>0x18c53</run_address>
         <size>0x1cf</size>
         <input_file_ref idref="fl-1f"/>
      </object_component>
      <object_component id="oc-1ff">
         <name>.debug_info</name>
         <load_address>0x18e22</load_address>
         <run_address>0x18e22</run_address>
         <size>0x17e</size>
         <input_file_ref idref="fl-20"/>
      </object_component>
      <object_component id="oc-4e">
         <name>.debug_info</name>
         <load_address>0x18fa0</load_address>
         <run_address>0x18fa0</run_address>
         <size>0x119</size>
         <input_file_ref idref="fl-d7"/>
      </object_component>
      <object_component id="oc-168">
         <name>.debug_info</name>
         <load_address>0x190b9</load_address>
         <run_address>0x190b9</run_address>
         <size>0x147</size>
         <input_file_ref idref="fl-d8"/>
      </object_component>
      <object_component id="oc-1c9">
         <name>.debug_info</name>
         <load_address>0x19200</load_address>
         <run_address>0x19200</run_address>
         <size>0x142</size>
         <input_file_ref idref="fl-d9"/>
      </object_component>
      <object_component id="oc-164">
         <name>.debug_info</name>
         <load_address>0x19342</load_address>
         <run_address>0x19342</run_address>
         <size>0x2d4</size>
         <input_file_ref idref="fl-da"/>
      </object_component>
      <object_component id="oc-62">
         <name>.debug_info</name>
         <load_address>0x19616</load_address>
         <run_address>0x19616</run_address>
         <size>0x1b5</size>
         <input_file_ref idref="fl-da"/>
      </object_component>
      <object_component id="oc-15f">
         <name>.debug_info</name>
         <load_address>0x197cb</load_address>
         <run_address>0x197cb</run_address>
         <size>0x46</size>
         <input_file_ref idref="fl-da"/>
      </object_component>
      <object_component id="oc-57">
         <name>.debug_info</name>
         <load_address>0x19811</load_address>
         <run_address>0x19811</run_address>
         <size>0x2a8</size>
         <input_file_ref idref="fl-db"/>
      </object_component>
      <object_component id="oc-1f">
         <name>.debug_info</name>
         <load_address>0x19ab9</load_address>
         <run_address>0x19ab9</run_address>
         <size>0x1ea</size>
         <input_file_ref idref="fl-db"/>
      </object_component>
      <object_component id="oc-52">
         <name>.debug_info</name>
         <load_address>0x19ca3</load_address>
         <run_address>0x19ca3</run_address>
         <size>0x46</size>
         <input_file_ref idref="fl-db"/>
      </object_component>
      <object_component id="oc-157">
         <name>.debug_info</name>
         <load_address>0x19ce9</load_address>
         <run_address>0x19ce9</run_address>
         <size>0x2c</size>
         <input_file_ref idref="fl-db"/>
      </object_component>
      <object_component id="oc-155">
         <name>.debug_info</name>
         <load_address>0x19d15</load_address>
         <run_address>0x19d15</run_address>
         <size>0x29e</size>
         <input_file_ref idref="fl-dc"/>
      </object_component>
      <object_component id="oc-18">
         <name>.debug_info</name>
         <load_address>0x19fb3</load_address>
         <run_address>0x19fb3</run_address>
         <size>0x250</size>
         <input_file_ref idref="fl-dc"/>
      </object_component>
      <object_component id="oc-42">
         <name>.debug_info</name>
         <load_address>0x1a203</load_address>
         <run_address>0x1a203</run_address>
         <size>0x60</size>
         <input_file_ref idref="fl-dc"/>
      </object_component>
      <object_component id="oc-24e">
         <name>.debug_info</name>
         <load_address>0x1a263</load_address>
         <run_address>0x1a263</run_address>
         <size>0x46</size>
         <input_file_ref idref="fl-dc"/>
      </object_component>
      <object_component id="oc-150">
         <name>.debug_info</name>
         <load_address>0x1a2a9</load_address>
         <run_address>0x1a2a9</run_address>
         <size>0x39</size>
         <input_file_ref idref="fl-dc"/>
      </object_component>
      <object_component id="oc-245">
         <name>.debug_info</name>
         <load_address>0x1a2e2</load_address>
         <run_address>0x1a2e2</run_address>
         <size>0x28a</size>
         <input_file_ref idref="fl-dd"/>
      </object_component>
      <object_component id="oc-127">
         <name>.debug_info</name>
         <load_address>0x1a56c</load_address>
         <run_address>0x1a56c</run_address>
         <size>0x273</size>
         <input_file_ref idref="fl-dd"/>
      </object_component>
      <object_component id="oc-25">
         <name>.debug_info</name>
         <load_address>0x1a7df</load_address>
         <run_address>0x1a7df</run_address>
         <size>0x10b</size>
         <input_file_ref idref="fl-de"/>
      </object_component>
      <object_component id="oc-6d">
         <name>.debug_info</name>
         <load_address>0x1a8ea</load_address>
         <run_address>0x1a8ea</run_address>
         <size>0x1a9</size>
         <input_file_ref idref="fl-de"/>
      </object_component>
      <object_component id="oc-2cf">
         <name>.debug_info</name>
         <load_address>0x1aa93</load_address>
         <run_address>0x1aa93</run_address>
         <size>0x115</size>
         <input_file_ref idref="fl-df"/>
      </object_component>
      <object_component id="oc-312">
         <name>.debug_info</name>
         <load_address>0x1aba8</load_address>
         <run_address>0x1aba8</run_address>
         <size>0x4b3</size>
         <input_file_ref idref="fl-e0"/>
      </object_component>
      <object_component id="oc-26d">
         <name>.debug_info</name>
         <load_address>0x1b05b</load_address>
         <run_address>0x1b05b</run_address>
         <size>0x1a6</size>
         <input_file_ref idref="fl-e0"/>
      </object_component>
      <object_component id="oc-355">
         <name>.debug_info</name>
         <load_address>0x1b201</load_address>
         <run_address>0x1b201</run_address>
         <size>0x39</size>
         <input_file_ref idref="fl-e0"/>
      </object_component>
      <object_component id="oc-369">
         <name>.debug_info</name>
         <load_address>0x1b23a</load_address>
         <run_address>0x1b23a</run_address>
         <size>0x39</size>
         <input_file_ref idref="fl-e0"/>
      </object_component>
      <object_component id="oc-35a">
         <name>.debug_info</name>
         <load_address>0x1b273</load_address>
         <run_address>0x1b273</run_address>
         <size>0x39</size>
         <input_file_ref idref="fl-e0"/>
      </object_component>
      <object_component id="oc-35f">
         <name>.debug_info</name>
         <load_address>0x1b2ac</load_address>
         <run_address>0x1b2ac</run_address>
         <size>0xcd</size>
         <input_file_ref idref="fl-e0"/>
      </object_component>
      <object_component id="oc-16c">
         <name>.debug_info</name>
         <load_address>0x1b379</load_address>
         <run_address>0x1b379</run_address>
         <size>0x153</size>
         <input_file_ref idref="fl-e1"/>
      </object_component>
      <object_component id="oc-25f">
         <name>.debug_info</name>
         <load_address>0x1b4cc</load_address>
         <run_address>0x1b4cc</run_address>
         <size>0x122</size>
         <input_file_ref idref="fl-e3"/>
      </object_component>
      <object_component id="oc-3a4">
         <name>.debug_info</name>
         <load_address>0x1b5ee</load_address>
         <run_address>0x1b5ee</run_address>
         <size>0xcc</size>
      </object_component>
      <object_component id="oc-14a">
         <name>.debug_line</name>
         <load_address>0x0</load_address>
         <run_address>0x0</run_address>
         <size>0x41</size>
         <input_file_ref idref="fl-2"/>
      </object_component>
      <object_component id="oc-3f">
         <name>.debug_line</name>
         <load_address>0x41</load_address>
         <run_address>0x41</run_address>
         <size>0x41</size>
         <input_file_ref idref="fl-2"/>
      </object_component>
      <object_component id="oc-2b">
         <name>.debug_line</name>
         <load_address>0x82</load_address>
         <run_address>0x82</run_address>
         <size>0xa1</size>
         <input_file_ref idref="fl-2"/>
      </object_component>
      <object_component id="oc-14e">
         <name>.debug_line</name>
         <load_address>0x123</load_address>
         <run_address>0x123</run_address>
         <size>0x6f</size>
         <input_file_ref idref="fl-2"/>
      </object_component>
      <object_component id="oc-4a">
         <name>.debug_line</name>
         <load_address>0x192</load_address>
         <run_address>0x192</run_address>
         <size>0x20</size>
         <input_file_ref idref="fl-2"/>
      </object_component>
      <object_component id="oc-24c">
         <name>.debug_line</name>
         <load_address>0x1b2</load_address>
         <run_address>0x1b2</run_address>
         <size>0x73</size>
         <input_file_ref idref="fl-2"/>
      </object_component>
      <object_component id="oc-2e2">
         <name>.debug_line</name>
         <load_address>0x225</load_address>
         <run_address>0x225</run_address>
         <size>0x6f</size>
         <input_file_ref idref="fl-2"/>
      </object_component>
      <object_component id="oc-13d">
         <name>.debug_line</name>
         <load_address>0x294</load_address>
         <run_address>0x294</run_address>
         <size>0x70</size>
         <input_file_ref idref="fl-2"/>
      </object_component>
      <object_component id="oc-23a">
         <name>.debug_line</name>
         <load_address>0x304</load_address>
         <run_address>0x304</run_address>
         <size>0x3ca</size>
         <input_file_ref idref="fl-3"/>
      </object_component>
      <object_component id="oc-247">
         <name>.debug_line</name>
         <load_address>0x6ce</load_address>
         <run_address>0x6ce</run_address>
         <size>0x42</size>
         <input_file_ref idref="fl-3"/>
      </object_component>
      <object_component id="oc-3d">
         <name>.debug_line</name>
         <load_address>0x710</load_address>
         <run_address>0x710</run_address>
         <size>0x33a</size>
         <input_file_ref idref="fl-3"/>
      </object_component>
      <object_component id="oc-183">
         <name>.debug_line</name>
         <load_address>0xa4a</load_address>
         <run_address>0xa4a</run_address>
         <size>0x8f</size>
         <input_file_ref idref="fl-3"/>
      </object_component>
      <object_component id="oc-213">
         <name>.debug_line</name>
         <load_address>0xad9</load_address>
         <run_address>0xad9</run_address>
         <size>0x8e</size>
         <input_file_ref idref="fl-3"/>
      </object_component>
      <object_component id="oc-142">
         <name>.debug_line</name>
         <load_address>0xb67</load_address>
         <run_address>0xb67</run_address>
         <size>0x42</size>
         <input_file_ref idref="fl-3"/>
      </object_component>
      <object_component id="oc-1ba">
         <name>.debug_line</name>
         <load_address>0xba9</load_address>
         <run_address>0xba9</run_address>
         <size>0x93</size>
         <input_file_ref idref="fl-3"/>
      </object_component>
      <object_component id="oc-138">
         <name>.debug_line</name>
         <load_address>0xc3c</load_address>
         <run_address>0xc3c</run_address>
         <size>0x20</size>
         <input_file_ref idref="fl-3"/>
      </object_component>
      <object_component id="oc-21f">
         <name>.debug_line</name>
         <load_address>0xc5c</load_address>
         <run_address>0xc5c</run_address>
         <size>0x90</size>
         <input_file_ref idref="fl-3"/>
      </object_component>
      <object_component id="oc-147">
         <name>.debug_line</name>
         <load_address>0xcec</load_address>
         <run_address>0xcec</run_address>
         <size>0x91</size>
         <input_file_ref idref="fl-3"/>
      </object_component>
      <object_component id="oc-94">
         <name>.debug_line</name>
         <load_address>0xd7d</load_address>
         <run_address>0xd7d</run_address>
         <size>0x93</size>
         <input_file_ref idref="fl-3"/>
      </object_component>
      <object_component id="oc-1b0">
         <name>.debug_line</name>
         <load_address>0xe10</load_address>
         <run_address>0xe10</run_address>
         <size>0x6b</size>
         <input_file_ref idref="fl-3"/>
      </object_component>
      <object_component id="oc-99">
         <name>.debug_line</name>
         <load_address>0xe7b</load_address>
         <run_address>0xe7b</run_address>
         <size>0x96</size>
         <input_file_ref idref="fl-3"/>
      </object_component>
      <object_component id="oc-1d4">
         <name>.debug_line</name>
         <load_address>0xf11</load_address>
         <run_address>0xf11</run_address>
         <size>0x6b</size>
         <input_file_ref idref="fl-3"/>
      </object_component>
      <object_component id="oc-23e">
         <name>.debug_line</name>
         <load_address>0xf7c</load_address>
         <run_address>0xf7c</run_address>
         <size>0x74</size>
         <input_file_ref idref="fl-3"/>
      </object_component>
      <object_component id="oc-20d">
         <name>.debug_line</name>
         <load_address>0xff0</load_address>
         <run_address>0xff0</run_address>
         <size>0x89</size>
         <input_file_ref idref="fl-3"/>
      </object_component>
      <object_component id="oc-1b5">
         <name>.debug_line</name>
         <load_address>0x1079</load_address>
         <run_address>0x1079</run_address>
         <size>0x8f</size>
         <input_file_ref idref="fl-3"/>
      </object_component>
      <object_component id="oc-33a">
         <name>.debug_line</name>
         <load_address>0x1108</load_address>
         <run_address>0x1108</run_address>
         <size>0x1e7</size>
         <input_file_ref idref="fl-9"/>
      </object_component>
      <object_component id="oc-224">
         <name>.debug_line</name>
         <load_address>0x12ef</load_address>
         <run_address>0x12ef</run_address>
         <size>0x6b</size>
         <input_file_ref idref="fl-9"/>
      </object_component>
      <object_component id="oc-2a6">
         <name>.debug_line</name>
         <load_address>0x135a</load_address>
         <run_address>0x135a</run_address>
         <size>0x93</size>
         <input_file_ref idref="fl-9"/>
      </object_component>
      <object_component id="oc-33e">
         <name>.debug_line</name>
         <load_address>0x13ed</load_address>
         <run_address>0x13ed</run_address>
         <size>0x97</size>
         <input_file_ref idref="fl-9"/>
      </object_component>
      <object_component id="oc-343">
         <name>.debug_line</name>
         <load_address>0x1484</load_address>
         <run_address>0x1484</run_address>
         <size>0x44</size>
         <input_file_ref idref="fl-9"/>
      </object_component>
      <object_component id="oc-335">
         <name>.debug_line</name>
         <load_address>0x14c8</load_address>
         <run_address>0x14c8</run_address>
         <size>0x8f</size>
         <input_file_ref idref="fl-a"/>
      </object_component>
      <object_component id="oc-333">
         <name>.debug_line</name>
         <load_address>0x1557</load_address>
         <run_address>0x1557</run_address>
         <size>0x3e</size>
         <input_file_ref idref="fl-a"/>
      </object_component>
      <object_component id="oc-32a">
         <name>.debug_line</name>
         <load_address>0x1595</load_address>
         <run_address>0x1595</run_address>
         <size>0x3e</size>
         <input_file_ref idref="fl-a"/>
      </object_component>
      <object_component id="oc-331">
         <name>.debug_line</name>
         <load_address>0x15d3</load_address>
         <run_address>0x15d3</run_address>
         <size>0x3e</size>
         <input_file_ref idref="fl-a"/>
      </object_component>
      <object_component id="oc-328">
         <name>.debug_line</name>
         <load_address>0x1611</load_address>
         <run_address>0x1611</run_address>
         <size>0x3e</size>
         <input_file_ref idref="fl-a"/>
      </object_component>
      <object_component id="oc-188">
         <name>.debug_line</name>
         <load_address>0x164f</load_address>
         <run_address>0x164f</run_address>
         <size>0x111</size>
         <input_file_ref idref="fl-a"/>
      </object_component>
      <object_component id="oc-32e">
         <name>.debug_line</name>
         <load_address>0x1760</load_address>
         <run_address>0x1760</run_address>
         <size>0x3e</size>
         <input_file_ref idref="fl-a"/>
      </object_component>
      <object_component id="oc-337">
         <name>.debug_line</name>
         <load_address>0x179e</load_address>
         <run_address>0x179e</run_address>
         <size>0x20</size>
         <input_file_ref idref="fl-b"/>
      </object_component>
      <object_component id="oc-18e">
         <name>.debug_line</name>
         <load_address>0x17be</load_address>
         <run_address>0x17be</run_address>
         <size>0xee</size>
         <input_file_ref idref="fl-b"/>
      </object_component>
      <object_component id="oc-1ac">
         <name>.debug_line</name>
         <load_address>0x18ac</load_address>
         <run_address>0x18ac</run_address>
         <size>0xab</size>
         <input_file_ref idref="fl-c"/>
      </object_component>
      <object_component id="oc-186">
         <name>.debug_line</name>
         <load_address>0x1957</load_address>
         <run_address>0x1957</run_address>
         <size>0x3c</size>
         <input_file_ref idref="fl-c"/>
      </object_component>
      <object_component id="oc-1aa">
         <name>.debug_line</name>
         <load_address>0x1993</load_address>
         <run_address>0x1993</run_address>
         <size>0x3c</size>
         <input_file_ref idref="fl-c"/>
      </object_component>
      <object_component id="oc-36">
         <name>.debug_line</name>
         <load_address>0x19cf</load_address>
         <run_address>0x19cf</run_address>
         <size>0x13e</size>
         <input_file_ref idref="fl-c"/>
      </object_component>
      <object_component id="oc-2e">
         <name>.debug_line</name>
         <load_address>0x1b0d</load_address>
         <run_address>0x1b0d</run_address>
         <size>0xd1</size>
         <input_file_ref idref="fl-d"/>
      </object_component>
      <object_component id="oc-2f4">
         <name>.debug_line</name>
         <load_address>0x1bde</load_address>
         <run_address>0x1bde</run_address>
         <size>0x204</size>
         <input_file_ref idref="fl-e"/>
      </object_component>
      <object_component id="oc-ff">
         <name>.debug_line</name>
         <load_address>0x1de2</load_address>
         <run_address>0x1de2</run_address>
         <size>0x843</size>
         <input_file_ref idref="fl-e"/>
      </object_component>
      <object_component id="oc-2f8">
         <name>.debug_line</name>
         <load_address>0x2625</load_address>
         <run_address>0x2625</run_address>
         <size>0x3d</size>
         <input_file_ref idref="fl-e"/>
      </object_component>
      <object_component id="oc-258">
         <name>.debug_line</name>
         <load_address>0x2662</load_address>
         <run_address>0x2662</run_address>
         <size>0x6b</size>
         <input_file_ref idref="fl-f"/>
      </object_component>
      <object_component id="oc-29d">
         <name>.debug_line</name>
         <load_address>0x26cd</load_address>
         <run_address>0x26cd</run_address>
         <size>0x251</size>
         <input_file_ref idref="fl-10"/>
      </object_component>
      <object_component id="oc-17e">
         <name>.debug_line</name>
         <load_address>0x291e</load_address>
         <run_address>0x291e</run_address>
         <size>0x3d</size>
         <input_file_ref idref="fl-10"/>
      </object_component>
      <object_component id="oc-2b9">
         <name>.debug_line</name>
         <load_address>0x295b</load_address>
         <run_address>0x295b</run_address>
         <size>0x3d</size>
         <input_file_ref idref="fl-10"/>
      </object_component>
      <object_component id="oc-2c3">
         <name>.debug_line</name>
         <load_address>0x2998</load_address>
         <run_address>0x2998</run_address>
         <size>0x3d</size>
         <input_file_ref idref="fl-10"/>
      </object_component>
      <object_component id="oc-2c5">
         <name>.debug_line</name>
         <load_address>0x29d5</load_address>
         <run_address>0x29d5</run_address>
         <size>0x3d</size>
         <input_file_ref idref="fl-10"/>
      </object_component>
      <object_component id="oc-2bd">
         <name>.debug_line</name>
         <load_address>0x2a12</load_address>
         <run_address>0x2a12</run_address>
         <size>0x3d</size>
         <input_file_ref idref="fl-10"/>
      </object_component>
      <object_component id="oc-2c1">
         <name>.debug_line</name>
         <load_address>0x2a4f</load_address>
         <run_address>0x2a4f</run_address>
         <size>0x3d</size>
         <input_file_ref idref="fl-10"/>
      </object_component>
      <object_component id="oc-2bb">
         <name>.debug_line</name>
         <load_address>0x2a8c</load_address>
         <run_address>0x2a8c</run_address>
         <size>0x3d</size>
         <input_file_ref idref="fl-10"/>
      </object_component>
      <object_component id="oc-2bf">
         <name>.debug_line</name>
         <load_address>0x2ac9</load_address>
         <run_address>0x2ac9</run_address>
         <size>0x3d</size>
         <input_file_ref idref="fl-10"/>
      </object_component>
      <object_component id="oc-8a">
         <name>.debug_line</name>
         <load_address>0x2b06</load_address>
         <run_address>0x2b06</run_address>
         <size>0xdbc</size>
         <input_file_ref idref="fl-10"/>
      </object_component>
      <object_component id="oc-2a1">
[...]
      <symbol id="sm-2dd">
         <name>pcQueueGetName</name>
         <value>0x275d</value>
         <object_component_ref idref="oc-fb"/>
      </symbol>
      <symbol id="sm-2de">
         <name>ucQueueGetQueueType</name>
         <value>0x24c1</value>
         <object_component_ref idref="oc-fb"/>
      </symbol>
      <symbol id="sm-4cf">
         <name>vTaskDelay</name>
         <value>0x5a1</value>
         <object_component_ref idref="oc-85"/>
      </symbol>
      <symbol id="sm-4d0">
         <name>vTaskSuspendAll</name>
         <value>0xa91</value>
         <object_component_ref idref="oc-85"/>
      </symbol>
      <symbol id="sm-4d1">
         <name>vTaskPlaceOnEventList</name>
         <value>0xe97</value>
         <object_component_ref idref="oc-85"/>
      </symbol>
      <symbol id="sm-4d2">
         <name>vTaskSetTaskNumber</name>
         <value>0x10f3</value>
         <object_component_ref idref="oc-85"/>
      </symbol>
      <symbol id="sm-4d3">
         <name>uxTaskPriorityGetFromISR</name>
         <value>0x6a1</value>
         <object_component_ref idref="oc-85"/>
      </symbol>
      <symbol id="sm-4d4">
         <name>ulTaskNotifyTake</name>
         <value>0x16a9</value>
         <object_component_ref idref="oc-85"/>
      </symbol>
      <symbol id="sm-4d5">
         <name>pcTaskGetName</name>
         <value>0xbb3</value>
         <object_component_ref idref="oc-85"/>
      </symbol>
      <symbol id="sm-4d6">
         <name>xTaskCheckForTimeOut</name>
         <value>0x104d</value>
         <object_component_ref idref="oc-85"/>
      </symbol>
      <symbol id="sm-4d7">
         <name>vTaskRemoveFromUnorderedEventList</name>
         <value>0xf9d</value>
         <object_component_ref idref="oc-85"/>
      </symbol>
      <symbol id="sm-4d8">
         <name>vTaskPrioritySet</name>
         <value>0x6ed</value>
         <object_component_ref idref="oc-85"/>
      </symbol>
      <symbol id="sm-4d9">
         <name>xTaskPriorityDisinherit</name>
         <value>0x14f1</value>
         <object_component_ref idref="oc-85"/>
      </symbol>
      <symbol id="sm-4da">
         <name>vTaskStartScheduler</name>
         <value>0xa19</value>
         <object_component_ref idref="oc-85"/>
      </symbol>
      <symbol id="sm-4db">
         <name>vTaskInternalSetTimeOutState</name>
         <value>0x1021</value>
         <object_component_ref idref="oc-85"/>
      </symbol>
      <symbol id="sm-4dc">
         <name>xTaskNotifyStateClear</name>
         <value>0x1a6f</value>
         <object_component_ref idref="oc-85"/>
      </symbol>
      <symbol id="sm-4dd">
         <name>pvTaskIncrementMutexHeldCount</name>
         <value>0x168d</value>
         <object_component_ref idref="oc-85"/>
      </symbol>
      <symbol id="sm-4de">
         <name>uxTaskGetStackHighWaterMark</name>
         <value>0x1341</value>
         <object_component_ref idref="oc-85"/>
      </symbol>
      <symbol id="sm-4df">
         <name>xTaskGenericNotify</name>
         <value>0x17c9</value>
         <object_component_ref idref="oc-85"/>
      </symbol>
      <symbol id="sm-4e0">
         <name>vTaskPriorityDisinheritAfterTimeout</name>
         <value>0x1591</value>
         <object_component_ref idref="oc-85"/>
      </symbol>
      <symbol id="sm-4e1">
         <name>xTaskCreate</name>
         <value>0x26d</value>
         <object_component_ref idref="oc-85"/>
      </symbol>
      <symbol id="sm-4e2">
         <name>vTaskDelayUntil</name>
         <value>0x511</value>
         <object_component_ref idref="oc-85"/>
      </symbol>
      <symbol id="sm-4e3">
         <name>uxTaskGetTaskNumber</name>
         <value>0x10d3</value>
         <object_component_ref idref="oc-85"/>
      </symbol>
      <symbol id="sm-4e4">
         <name>vTaskEndScheduler</name>
         <value>0xa6f</value>
         <object_component_ref idref="oc-85"/>
      </symbol>
      <symbol id="sm-4e5">
         <name>xTaskNotifyWait</name>
         <value>0x1729</value>
         <object_component_ref idref="oc-85"/>
      </symbol>
      <symbol id="sm-4e6">
         <name>vTaskMissedYield</name>
         <value>0x10cb</value>
         <object_component_ref idref="oc-85"/>
      </symbol>
      <symbol id="sm-4e7">
         <name>uxTaskGetNumberOfTasks</name>
         <value>0xbad</value>
         <object_component_ref idref="oc-85"/>
      </symbol>
      <symbol id="sm-4e8">
         <name>xTaskGenericNotifyFromISR</name>
         <value>0x18b1</value>
         <object_component_ref idref="oc-85"/>
      </symbol>
      <symbol id="sm-4e9">
         <name>vTaskGetInfo</name>
         <value>0x11b1</value>
         <object_component_ref idref="oc-85"/>
      </symbol>
      <symbol id="sm-4ea">
         <name>uxTaskPriorityGet</name>
         <value>0x671</value>
         <object_component_ref idref="oc-85"/>
      </symbol>
      <symbol id="sm-4eb">
         <name>xTaskResumeAll</name>
         <value>0xaa1</value>
         <object_component_ref idref="oc-85"/>
      </symbol>
      <symbol id="sm-4ec">
         <name>xTaskGetTickCount</name>
         <value>0xb85</value>
         <object_component_ref idref="oc-85"/>
      </symbol>
      <symbol id="sm-4ed">
         <name>uxTaskGetSystemState</name>
         <value>0xbd9</value>
         <object_component_ref idref="oc-85"/>
      </symbol>
      <symbol id="sm-4ee">
         <name>vTaskDelete</name>
         <value>0x463</value>
         <object_component_ref idref="oc-85"/>
      </symbol>
      <symbol id="sm-4ef">
         <name>pxCurrentTCB</name>
         <value>0x200079a0</value>
         <object_component_ref idref="oc-7f"/>
      </symbol>
      <symbol id="sm-4f0">
         <name>vTaskNotifyGiveFromISR</name>
         <value>0x19c1</value>
         <object_component_ref idref="oc-85"/>
      </symbol>
      <symbol id="sm-4f1">
         <name>eTaskGetState</name>
         <value>0x5dd</value>
         <object_component_ref idref="oc-85"/>
      </symbol>
      <symbol id="sm-4f2">
         <name>vTaskSuspend</name>
         <value>0x805</value>
         <object_component_ref idref="oc-85"/>
      </symbol>
      <symbol id="sm-4f3">
         <name>xTaskGetTickCountFromISR</name>
         <value>0xb99</value>
         <object_component_ref idref="oc-85"/>
      </symbol>
      <symbol id="sm-4f4">
         <name>vTaskResume</name>
         <value>0x911</value>
         <object_component_ref idref="oc-85"/>
      </symbol>
      <symbol id="sm-4f5">
         <name>vTaskPlaceOnEventListRestricted</name>
         <value>0xee5</value>
         <object_component_ref idref="oc-85"/>
      </symbol>
      <symbol id="sm-4f6">
         <name>vTaskSetTimeOutState</name>
         <value>0xfff</value>
         <object_component_ref idref="oc-85"/>
      </symbol>
      <symbol id="sm-4f7">
         <name>xTaskIncrementTick</name>
         <value>0xccd</value>
         <object_component_ref idref="oc-85"/>
      </symbol>
      <symbol id="sm-4f8">
         <name>vTaskSwitchContext</name>
         <value>0xdf5</value>
         <object_component_ref idref="oc-85"/>
      </symbol>
      <symbol id="sm-4f9">
         <name>uxTaskResetEventItemValue</name>
         <value>0x1665</value>
         <object_component_ref idref="oc-85"/>
      </symbol>
      <symbol id="sm-4fa">
         <name>xTaskGetSchedulerState</name>
         <value>0x13d9</value>
         <object_component_ref idref="oc-85"/>
      </symbol>
      <symbol id="sm-4fb">
         <name>xTaskResumeFromISR</name>
         <value>0x989</value>
         <object_component_ref idref="oc-85"/>
      </symbol>
      <symbol id="sm-4fc">
         <name>xTaskGetCurrentTaskHandle</name>
         <value>0x13b5</value>
         <object_component_ref idref="oc-85"/>
      </symbol>
      <symbol id="sm-4fd">
         <name>vTaskPlaceOnUnorderedEventList</name>
         <value>0xeb3</value>
         <object_component_ref idref="oc-85"/>
      </symbol>
      <symbol id="sm-4fe">
         <name>xTaskRemoveFromEventList</name>
         <value>0xf15</value>
         <object_component_ref idref="oc-85"/>
      </symbol>
      <symbol id="sm-4ff">
         <name>xTaskPriorityInherit</name>
         <value>0x1411</value>
         <object_component_ref idref="oc-85"/>
      </symbol>
      <symbol id="sm-58d">
         <name>vTimerSetTimerNumber</name>
         <value>0x35e7</value>
         <object_component_ref idref="oc-101"/>
      </symbol>
      <symbol id="sm-58e">
         <name>xTimerGetTimerDaemonTaskHandle</name>
         <value>0x3193</value>
         <object_component_ref idref="oc-101"/>
      </symbol>
      <symbol id="sm-58f">
         <name>pcTimerGetName</name>
         <value>0x31c1</value>
         <object_component_ref idref="oc-101"/>
      </symbol>
      <symbol id="sm-590">
         <name>xTimerCreateTimerTask</name>
         <value>0x3089</value>
         <object_component_ref idref="oc-101"/>
      </symbol>
      <symbol id="sm-591">
         <name>xTimerGetExpiryTime</name>
         <value>0x31ab</value>
         <object_component_ref idref="oc-101"/>
      </symbol>
      <symbol id="sm-592">
         <name>uxTimerGetTimerNumber</name>
         <value>0x35d9</value>
         <object_component_ref idref="oc-101"/>
      </symbol>
      <symbol id="sm-593">
         <name>xTimerIsTimerActive</name>
         <value>0x3575</value>
         <object_component_ref idref="oc-101"/>
      </symbol>
      <symbol id="sm-594">
         <name>xTimerGetPeriod</name>
         <value>0x3199</value>
         <object_component_ref idref="oc-101"/>
      </symbol>
      <symbol id="sm-595">
         <name>xTimerCreate</name>
         <value>0x30b3</value>
         <object_component_ref idref="oc-101"/>
      </symbol>
      <symbol id="sm-596">
         <name>xTimerGenericCommand</name>
         <value>0x3127</value>
         <object_component_ref idref="oc-101"/>
      </symbol>
      <symbol id="sm-597">
         <name>pvTimerGetTimerID</name>
         <value>0x35a5</value>
         <object_component_ref idref="oc-101"/>
      </symbol>
      <symbol id="sm-598">
         <name>vTimerSetTimerID</name>
         <value>0x35bf</value>
         <object_component_ref idref="oc-101"/>
      </symbol>
      <symbol id="sm-5af">
         <name>ledControl</name>
         <value>0x4377</value>
         <object_component_ref idref="oc-dd"/>
      </symbol>
      <symbol id="sm-5b0">
         <name>ledInit</name>
         <value>0x4365</value>
         <object_component_ref idref="oc-dd"/>
      </symbol>
      <symbol id="sm-5c9">
         <name>switchState</name>
         <value>0x4471</value>
         <object_component_ref idref="oc-e3"/>
      </symbol>
      <symbol id="sm-5ca">
         <name>switchInit</name>
         <value>0x4429</value>
         <object_component_ref idref="oc-e3"/>
      </symbol>
      <symbol id="sm-63b">
         <name>UARTgetc</name>
         <value>0x378d</value>
         <object_component_ref idref="oc-a1"/>
      </symbol>
      <symbol id="sm-63c">
         <name>UARTgets</name>
         <value>0x36c7</value>
         <object_component_ref idref="oc-a1"/>
      </symbol>
      <symbol id="sm-63d">
         <name>UARTStdioConfig</name>
         <value>0x3615</value>
         <object_component_ref idref="oc-a1"/>
      </symbol>
      <symbol id="sm-63e">
         <name>UARTwrite</name>
         <value>0x3675</value>
         <object_component_ref idref="oc-a1"/>
      </symbol>
      <symbol id="sm-63f">
         <name>UARTprintf</name>
         <value>0x3abb</value>
         <object_component_ref idref="oc-a1"/>
      </symbol>
      <symbol id="sm-640">
         <name>UARTvprintf</name>
         <value>0x37c1</value>
         <object_component_ref idref="oc-a1"/>
      </symbol>
      <symbol id="sm-69a">
         <name>GPIOPinConfigure</name>
         <value>0x46c1</value>
         <object_component_ref idref="oc-b3"/>
      </symbol>
      <symbol id="sm-69b">
         <name>GPIOPinTypeGPIOInput</name>
         <value>0x48bf</value>
         <object_component_ref idref="oc-f5"/>
      </symbol>
      <symbol id="sm-69c">
         <name>GPIOPinTypeUART</name>
         <value>0x48d5</value>
         <object_component_ref idref="oc-b9"/>
      </symbol>
      <symbol id="sm-69d">
         <name>GPIOPinTypeGPIOOutput</name>
         <value>0x488d</value>
         <object_component_ref idref="oc-e9"/>
      </symbol>
      <symbol id="sm-69e">
         <name>GPIOPinRead</name>
         <value>0x496f</value>
         <object_component_ref idref="oc-12e"/>
      </symbol>
      <symbol id="sm-69f">
         <name>GPIODirModeSet</name>
         <value>0x4841</value>
         <object_component_ref idref="oc-1de"/>
      </symbol>
      <symbol id="sm-6a0">
         <name>GPIOPinWrite</name>
         <value>0x4975</value>
         <object_component_ref idref="oc-ef"/>
      </symbol>
      <symbol id="sm-6a1">
         <name>GPIOPadConfigSet</name>
         <value>0x3ca9</value>
         <object_component_ref idref="oc-1e4"/>
      </symbol>
      <symbol id="sm-6c9">
         <name>IntEnable</name>
         <value>0x45f1</value>
         <object_component_ref idref="oc-d1"/>
      </symbol>
      <symbol id="sm-6ca">
         <name>IntMasterEnable</name>
         <value>0x48ff</value>
         <object_component_ref idref="oc-cb"/>
      </symbol>
      <symbol id="sm-71d">
         <name>SysCtlClockSet</name>
         <value>0x4195</value>
         <object_component_ref idref="oc-a7"/>
      </symbol>
      <symbol id="sm-71e">
         <name>SysCtlDelay</name>
         <value>0x497b</value>
         <object_component_ref idref="oc-11c"/>
      </symbol>
      <symbol id="sm-71f">
         <name>SysCtlPeripheralEnable</name>
         <value>0x47d9</value>
         <object_component_ref idref="oc-ad"/>
      </symbol>
      <symbol id="sm-720">
         <name>SysCtlClockGet</name>
         <value>0x407d</value>
         <object_component_ref idref="oc-bf"/>
      </symbol>
      <symbol id="sm-771">
         <name>UARTConfigSetExpClk</name>
         <value>0x470d</value>
         <object_component_ref idref="oc-c5"/>
      </symbol>
      <symbol id="sm-772">
         <name>UARTDisable</name>
         <value>0x486d</value>
         <object_component_ref idref="oc-1ef"/>
      </symbol>
      <symbol id="sm-773">
         <name>UARTIntEnable</name>
         <value>0x4967</value>
         <object_component_ref idref="oc-d7"/>
      </symbol>
      <symbol id="sm-774">
         <name>UARTCharsAvail</name>
         <value>0x491d</value>
         <object_component_ref idref="oc-11d"/>
      </symbol>
      <symbol id="sm-775">
         <name>UARTCharGetNonBlocking</name>
         <value>0x490f</value>
         <object_component_ref idref="oc-116"/>
      </symbol>
      <symbol id="sm-776">
         <name>UARTClockSourceSet</name>
         <value>0x4981</value>
         <object_component_ref idref="oc-9b"/>
      </symbol>
      <symbol id="sm-777">
         <name>UARTEnable</name>
         <value>0x48eb</value>
         <object_component_ref idref="oc-1f5"/>
      </symbol>
      <symbol id="sm-778">
         <name>UARTIntClear</name>
         <value>0x4987</value>
         <object_component_ref idref="oc-110"/>
      </symbol>
      <symbol id="sm-779">
         <name>UARTIntStatus</name>
         <value>0x495d</value>
         <object_component_ref idref="oc-10a"/>
      </symbol>
      <symbol id="sm-783">
         <name>CPUcpsie</name>
         <value>0x4939</value>
         <object_component_ref idref="oc-1fc"/>
      </symbol>
      <symbol id="sm-79f">
         <name>memcpy</name>
         <value>0x44d9</value>
         <object_component_ref idref="oc-4c"/>
      </symbol>
      <symbol id="sm-7a0">
         <name>__aeabi_memcpy</name>
         <value>0x44d9</value>
         <object_component_ref idref="oc-4c"/>
      </symbol>
      <symbol id="sm-7a1">
         <name>__aeabi_memcpy8</name>
         <value>0x44d9</value>
         <object_component_ref idref="oc-4c"/>
      </symbol>
      <symbol id="sm-7a2">
         <name>__aeabi_memcpy4</name>
         <value>0x44d9</value>
         <object_component_ref idref="oc-4c"/>
      </symbol>
      <symbol id="sm-7b1">
         <name>__aeabi_memset</name>
         <value>0x4577</value>
         <object_component_ref idref="oc-165"/>
      </symbol>
      <symbol id="sm-7b2">
         <name>memset</name>
         <value>0x457d</value>
         <object_component_ref idref="oc-165"/>
      </symbol>
      <symbol id="sm-7b3">
         <name>__aeabi_memset8</name>
         <value>0x4577</value>
         <object_component_ref idref="oc-165"/>
      </symbol>
      <symbol id="sm-7b4">
         <name>__aeabi_memset4</name>
         <value>0x4577</value>
         <object_component_ref idref="oc-165"/>
      </symbol>
      <symbol id="sm-7b5">
         <name>__aeabi_memclr8</name>
         <value>0x4575</value>
         <object_component_ref idref="oc-165"/>
      </symbol>
      <symbol id="sm-7b6">
         <name>__aeabi_memclr4</name>
         <value>0x4575</value>
         <object_component_ref idref="oc-165"/>
      </symbol>
      <symbol id="sm-7b7">
         <name>__aeabi_memclr</name>
         <value>0x4575</value>
         <object_component_ref idref="oc-165"/>
      </symbol>
      <symbol id="sm-7c6">
         <name>__aeabi_uidivmod</name>
         <value>0x4799</value>
         <object_component_ref idref="oc-1c7"/>
      </symbol>
      <symbol id="sm-7c7">
         <name>__aeabi_uidiv</name>
         <value>0x4799</value>
         <object_component_ref idref="oc-1c7"/>
      </symbol>
      <symbol id="sm-7d9">
         <name>__TI_zero_init</name>
         <value>0x4945</value>
         <object_component_ref idref="oc-5e"/>
      </symbol>
      <symbol id="sm-7f0">
         <name>__TI_decompress_none</name>
         <value>0x492b</value>
         <object_component_ref idref="oc-1b"/>
      </symbol>
      <symbol id="sm-813">
         <name>__TI_decompress_lzss</name>
         <value>0x4659</value>
         <object_component_ref idref="oc-15"/>
      </symbol>
      <symbol id="sm-822">
         <name>strcmp</name>
         <value>0x48a7</value>
         <object_component_ref idref="oc-123"/>
      </symbol>
      <symbol id="sm-835">
         <name>__stack</name>
         <value>0x200077a0</value>
         <object_component_ref idref="oc-24"/>
      </symbol>
      <symbol id="sm-836">
         <name>_c_int00_noargs</name>
         <value>0x480d</value>
         <object_component_ref idref="oc-6a"/>
      </symbol>
      <symbol id="sm-840">
         <name>__aeabi_idiv0</name>
         <value>0x407b</value>
         <object_component_ref idref="oc-2ce"/>
      </symbol>
      <symbol id="sm-841">
         <name>__aeabi_ldiv0</name>
         <value>0x407b</value>
         <object_component_ref idref="oc-2ce"/>
      </symbol>
      <symbol id="sm-869">
         <name>__TI_auto_init_nobinit_nopinit</name>
         <value>0x4755</value>
         <object_component_ref idref="oc-26a"/>
      </symbol>
      <symbol id="sm-873">
         <name>_system_pre_init</name>
         <value>0x498b</value>
         <object_component_ref idref="oc-16b"/>
      </symbol>
      <symbol id="sm-87f">
         <name>C$$EXIT</name>
         <value>0x498f</value>
         <object_component_ref idref="oc-25e"/>
      </symbol>
      <symbol id="sm-880">
         <name>abort</name>
         <value>0x498f</value>
         <object_component_ref idref="oc-25e"/>
      </symbol>
      <symbol id="sm-883">
         <name>__TI_static_base__</name>
         <value>0x0</value>
      </symbol>
      <symbol id="sm-886">
         <name>__mpu_init</name>
         <value>0x0</value>
      </symbol>
      <symbol id="sm-887">
         <name>_system_post_cinit</name>
         <value>0x0</value>
      </symbol>
   </symbol_table>
   <title>Link successful</title>
</link_info>
