******************************************************************************
                  TI ARM Linker PC v17.9.0                     
******************************************************************************
>> Linked Mon Apr  2 14:43:42 2018

OUTPUT FILE NAME:   <FreeRTOS.out>
ENTRY POINT SYMBOL: "_c_int00_noargs"  address: 00003e65


MEMORY CONFIGURATION

         name            origin    length      used     unused   attr    fill
----------------------  --------  ---------  --------  --------  ----  --------
  FLASH                 00000000   00040000  00003fb0  0003c050  R  X
  SRAM                  20000000   00008000  000079ad  00000653  RW X


SEGMENT ALLOCATION MAP

run origin  load origin   length   init length attrs members
----------  ----------- ---------- ----------- ----- -------
00000000    00000000    00003fb0   00003fb0    r-x
  00000000    00000000    0000026c   0000026c    r-- .intvecs
  0000026c    0000026c    00003c64   00003c64    r-x .text
  00003ed0    00003ed0    000000a0   000000a0    r-- .const
  00003f70    00003f70    00000040   00000040    r-- .cinit
20000000    20000000    000079b0   00000000    rw-
  20000000    20000000    00007755   00000000    rw- .bss
  20007758    20007758    00000200   00000000    rw- .stack
  20007958    20007958    00000058   00000000    rw- .data


SECTION ALLOCATION MAP

 output                                  attributes/
section   page    origin      length       input sections
--------  ----  ----------  ----------   ----------------
.intvecs   0    00000000    0000026c     
                  00000000    0000026c     tm4c123gh6pm_startup_ccs.obj (.intvecs)

.text      0    0000026c    00003c64     
                  0000026c    000018a0     tasks.obj (.text)
                  00001b0c    00000c8c     queue.obj (.text)
                  00002798    000004dc     uartstdio.obj (.text)
                  00002c74    0000042c     rgb.obj (.text)
                  000030a0    000001cc     led_task.obj (.text)
                  0000326c    000001b8     heap_2.obj (.text)
                  00003424    00000188     switch_task.obj (.text)
                  000035ac    0000013c     port.obj (.text)
                  000036e8    0000012a     list.obj (.text)
                  00003812    00000002     rtsv7M4_T_le_v4SPD16_eabi.lib : i_div0.obj (.text)
                  00003814    00000128     buttons.obj (.text)
                  0000393c    00000110     driverlib.lib : sysctl.obj (.text:SysCtlClockGet)
                  00003a4c    000000ec     freertos_demo.obj (.text)
                  00003b38    000000da     portasm.obj (.text)
                  00003c12    0000009c     rtsv7M4_T_le_v4SPD16_eabi.lib : memcpy_t2.obj (.text)
                  00003cae    0000007a                                   : memset_t2.obj (.text)
                  00003d28    00000068                                   : copy_decompress_lzss.obj (.text:decompress:lzss)
                  00003d90    00000050                                   : fs_toull_t2.obj (.text)
                  00003de0    00000044                                   : autoinit.obj (.text:__TI_auto_init_nobinit_nopinit)
                  00003e24    00000040                                   : u_divt2.obj (.text)
                  00003e64    00000038                                   : boot_cortex_m.obj (.text:_c_int00_noargs)
                  00003e9c    0000000e                                   : copy_decompress_none.obj (.text:decompress:none)
                  00003eaa    0000000c                                   : copy_zero_init.obj (.text:decompress:ZI)
                  00003eb6    0000000c     tm4c123gh6pm_startup_ccs.obj (.text)
                  00003ec2    00000006     driverlib.lib : uart.obj (.text:UARTClockSourceSet)
                  00003ec8    00000004     rtsv7M4_T_le_v4SPD16_eabi.lib : exit.obj (.text:abort)
                  00003ecc    00000004                                   : pre_init.obj (.text)

.const     0    00003ed0    000000a0     
                  00003ed0    0000006c     driverlib.lib : sysctl.obj (.const:g_pui32Xtals)
                  00003f3c    00000012     uartstdio.obj (.const:.string)
                  00003f4e    00000002     --HOLE-- [fill = 0]
                  00003f50    0000000c     uartstdio.obj (.const:g_ui32UARTBase)
                  00003f5c    0000000c     uartstdio.obj (.const:g_ui32UARTPeriph)
                  00003f68    00000004     port.obj (.const)
                  00003f6c    00000004     uartstdio.obj (.const)

.cinit     0    00003f70    00000040     
                  00003f70    00000017     (.cinit..data.load) [load image, compression = lzss]
                  00003f87    00000001     --HOLE-- [fill = 0]
                  00003f88    0000000c     (__TI_handler_table)
                  00003f94    00000004     --HOLE-- [fill = 0]
                  00003f98    00000008     (.cinit..bss.load) [load image, compression = zero_init]
                  00003fa0    00000010     (__TI_cinit_table)

.init_array 
*          0    00000000    00000000     UNINITIALIZED

.bss       0    20000000    00007755     UNINITIALIZED
                  20000000    00007530     heap_2.obj (.bss:ucHeap)
                  20007530    00000140     tasks.obj (.bss:pxReadyTasksLists)
                  20007670    00000050     (.common:xQueueRegistry)
                  200076c0    00000014     tasks.obj (.bss:xDelayedTaskList1)
                  200076d4    00000014     tasks.obj (.bss:xDelayedTaskList2)
                  200076e8    00000014     tasks.obj (.bss:xPendingReadyList)
                  200076fc    00000014     tasks.obj (.bss:xSuspendedTaskList)
                  20007710    00000014     tasks.obj (.bss:xTasksWaitingTermination)
                  20007724    0000000c     rgb.obj (.bss:g_ui32Colors)
                  20007730    00000008     tasks.obj (.bss)
                  20007738    00000008     heap_2.obj (.bss:xEnd)
                  20007740    00000008     heap_2.obj (.bss:xStart)
                  20007748    00000004     rgb.obj (.bss)
                  2000774c    00000004     (.common:g_pLEDQueue)
                  20007750    00000004     (.common:g_pUARTSemaphore)
                  20007754    00000001     led_task.obj (.bss)

.data      0    20007958    00000058     UNINITIALIZED
                  20007958    00000034     tasks.obj (.data)
                  2000798c    0000000c     led_task.obj (.data:g_pui32Colors)
                  20007998    00000008     heap_2.obj (.data)
                  200079a0    00000005     uartstdio.obj (.data)
                  200079a5    00000003     buttons.obj (.data)
                  200079a8    00000004     port.obj (.data)
                  200079ac    00000004     rgb.obj (.data)

.stack     0    20007758    00000200     UNINITIALIZED
                  20007758    00000004     rtsv7M4_T_le_v4SPD16_eabi.lib : boot_cortex_m.obj (.stack)
                  2000775c    000001fc     --HOLE--

MODULE SUMMARY

       Module                         code    ro data   rw data
       ------                         ----    -------   -------
    .\
       tm4c123gh6pm_startup_ccs.obj   12      620       0      
    +--+------------------------------+-------+---------+---------+
       Total:                         12      620       0      
                                                               
    .\Application\
       led_task.obj                   460     0         17     
       switch_task.obj                392     0         0      
       freertos_demo.obj              236     0         4      
    +--+------------------------------+-------+---------+---------+
       Total:                         1088    0         21     
                                                               
    .\FreeRTOSSource\
       heap_2.obj                     440     0         30024  
       tasks.obj                      6304    0         480    
       queue.obj                      3212    0         80     
       port.obj                       316     4         4      
       list.obj                       298     0         0      
       portasm.obj                    218     0         0      
    +--+------------------------------+-------+---------+---------+
       Total:                         10788   4         30588  
                                                               
    .\driver\
       uartstdio.obj                  1244    46        5      
       rgb.obj                        1068    0         20     
       buttons.obj                    296     0         3      
    +--+------------------------------+-------+---------+---------+
       Total:                         2608    46        28     
                                                               
    C:/ti/TivaWare_C_Series-2.1.4.178/driverlib/ccs/Debug/driverlib.lib
       sysctl.obj                     272     108       0      
       uart.obj                       6       0         0      
    +--+------------------------------+-------+---------+---------+
       Total:                         278     108       0      
                                                               
    C:\ti\ccsv7\tools\compiler\ti-cgt-arm_17.9.0.STS\lib\rtsv7M4_T_le_v4SPD16_eabi.lib
       memcpy_t2.obj                  156     0         0      
       memset_t2.obj                  122     0         0      
       copy_decompress_lzss.obj       104     0         0      
       fs_toull_t2.obj                80      0         0      
       autoinit.obj                   68      0         0      
       u_divt2.obj                    64      0         0      
       boot_cortex_m.obj              56      0         0      
       copy_decompress_none.obj       14      0         0      
       copy_zero_init.obj             12      0         0      
       exit.obj                       4       0         0      
       pre_init.obj                   4       0         0      
       i_div0.obj                     2       0         0      
    +--+------------------------------+-------+---------+---------+
       Total:                         686     0         0      
                                                               
       Stack:                         0       0         512    
       Linker Generated:              0       59        0      
    +--+------------------------------+-------+---------+---------+
       Grand Total:                   15460   837       31149  


LINKER GENERATED COPY TABLES

__TI_cinit_table @ 00003fa0 records: 2, size/record: 8, table size: 16
	.data: load addr=00003f70, load size=00000017 bytes, run addr=20007958, run size=00000058 bytes, compression=lzss
	.bss: load addr=00003f98, load size=00000008 bytes, run addr=20000000, run size=00007755 bytes, compression=zero_init


LINKER GENERATED HANDLER TABLE

__TI_handler_table @ 00003f88 records: 3, size/record: 4, table size: 12
	index: 0, handler: __TI_decompress_lzss
	index: 1, handler: __TI_decompress_none
	index: 2, handler: __TI_zero_init


GLOBAL SYMBOLS: SORTED ALPHABETICALLY BY Name 

address   name                               
-------   ----                               
000038bb  ButtonsInit                        
00003815  ButtonsPoll                        
00003ec9  C$$EXIT                            
00003a57  ConfigureUART                      
0000317d  LEDTaskInit                        
00002c75  RGBBlinkIntHandler                 
00002f89  RGBBlinkRateSet                    
00003015  RGBColorGet                        
00002ecb  RGBColorSet                        
00002e55  RGBDisable                         
00002d9d  RGBEnable                          
00002ca3  RGBInit                            
00002f75  RGBIntensitySet                    
00002eb3  RGBSet                             
00003eb7  ResetISR                           
000034f9  SwitchTaskInit                     
0000393d  SysCtlClockGet                     
00003ec3  UARTClockSourceSet                 
00002799  UARTStdioConfig                    
00002911  UARTgetc                           
0000284b  UARTgets                           
00002c3f  UARTprintf                         
00002945  UARTvprintf                        
000027f9  UARTwrite                          
20007958  __STACK_END                        
00000200  __STACK_SIZE                       
20007958  __STACK_TOP                        
00003fa0  __TI_CINIT_Base                    
00003fb0  __TI_CINIT_Limit                   
00003f88  __TI_Handler_Table_Base            
00003f94  __TI_Handler_Table_Limit           
00003de1  __TI_auto_init_nobinit_nopinit     
00003d29  __TI_decompress_lzss               
00003e9d  __TI_decompress_none               
ffffffff  __TI_pprof_out_hndl                
ffffffff  __TI_prof_data_size                
ffffffff  __TI_prof_data_start               
00000000  __TI_static_base__                 
00003eab  __TI_zero_init                     
00003d91  __aeabi_f2ulz                      
00003813  __aeabi_idiv0                      
00003caf  __aeabi_memclr                     
00003caf  __aeabi_memclr4                    
00003caf  __aeabi_memclr8                    
00003c13  __aeabi_memcpy                     
00003c13  __aeabi_memcpy4                    
00003c13  __aeabi_memcpy8                    
00003cb1  __aeabi_memset                     
00003cb1  __aeabi_memset4                    
00003cb1  __aeabi_memset8                    
00003e25  __aeabi_uidiv                      
00003e25  __aeabi_uidivmod                   
ffffffff  __binit__                          
ffffffff  __c_args__                         
UNDEFED   __mpu_init                         
20007758  __stack                            
00003e65  _c_int00_noargs                    
UNDEFED   _system_post_cinit                 
00003ecd  _system_pre_init                   
00003ec9  abort                              
ffffffff  binit                              
000005e1  eTaskGetState                      
2000774c  g_pLEDQueue                        
20007750  g_pUARTSemaphore                   
00000000  g_pfnVectors                       
00003ab1  main                               
00003c13  memcpy                             
00003cb7  memset                             
0000270b  pcQueueGetName                     
00000baf  pcTaskGetName                      
0000326d  pvPortMalloc                       
0000162b  pvTaskIncrementMutexHeldCount      
20007958  pxCurrentTCB                       
000035ad  pxPortInitialiseStack              
0000246d  ucQueueGetQueueType                
00003f68  ulMaxSyscallInterruptPriority      
00003b49  ulPortGetIPSR                      
00001649  ulTaskNotifyTake                   
000037cb  uxListRemove                       
0000244d  uxQueueGetQueueNumber              
000023ef  uxQueueMessagesWaiting             
00002425  uxQueueMessagesWaitingFromISR      
00002405  uxQueueSpacesAvailable             
00000ba9  uxTaskGetNumberOfTasks             
00001311  uxTaskGetStackHighWaterMark        
00000bd5  uxTaskGetSystemState               
000010a5  uxTaskGetTaskNumber                
00000675  uxTaskPriorityGet                  
000006a5  uxTaskPriorityGetFromISR           
00001609  uxTaskResetEventItemValue          
00003a4d  vApplicationStackOverflowHook      
000036e9  vListInitialise                    
00003719  vListInitialiseItem                
00003765  vListInsert                        
00003729  vListInsertEnd                     
00003c05  vPortEnableVFP                     
0000364d  vPortEndScheduler                  
0000364f  vPortEnterCritical                 
0000366f  vPortExitCritical                  
00003365  vPortFree                          
000033c9  vPortInitialiseBlocks              
00003bc1  vPortSVCHandler                    
000036ab  vPortSetupTimerInterrupt           
00003be1  vPortStartFirstTask                
000026c9  vQueueAddToRegistry                
00002437  vQueueDelete                       
0000245b  vQueueSetQueueNumber               
0000274b  vQueueUnregisterQueue              
000005a5  vTaskDelay                         
00000515  vTaskDelayUntil                    
00000467  vTaskDelete                        
00000a6b  vTaskEndScheduler                  
00001181  vTaskGetInfo                       
00000fef  vTaskInternalSetTimeOutState       
0000109d  vTaskMissedYield                   
00001965  vTaskNotifyGiveFromISR             
00000e93  vTaskPlaceOnEventList              
00000eaf  vTaskPlaceOnUnorderedEventList     
00001537  vTaskPriorityDisinheritAfterTimeout
000006f1  vTaskPrioritySet                   
00000f69  vTaskRemoveFromUnorderedEventList  
00000919  vTaskResume                        
000010c5  vTaskSetTaskNumber                 
00000fd1  vTaskSetTimeOutState               
00000a21  vTaskStartScheduler                
00000809  vTaskSuspend                       
00000a8d  vTaskSuspendAll                    
00000df1  vTaskSwitchContext                 
000033c3  xPortGetFreeHeapSize               
00003b61  xPortPendSVHandler                 
00003617  xPortStartScheduler                
00003685  xPortSysTickHandler                
00001c65  xQueueCreateMutex                  
00001bab  xQueueGenericCreate                
00001b0d  xQueueGenericReset                 
00001d11  xQueueGenericSend                  
00001e3f  xQueueGenericSendFromISR           
00001ed9  xQueueGiveFromISR                  
00001c91  xQueueGiveMutexRecursive           
00002665  xQueueIsQueueEmptyFromISR          
000026a7  xQueueIsQueueFullFromISR           
000021e3  xQueuePeek                         
0000239d  xQueuePeekFromISR                  
00001f6b  xQueueReceive                      
00002305  xQueueReceiveFromISR               
20007670  xQueueRegistry                     
00002089  xQueueSemaphoreTake                
00001ccd  xQueueTakeMutexRecursive           
00001015  xTaskCheckForTimeOut               
0000026d  xTaskCreate                        
0000176b  xTaskGenericNotify                 
00001855  xTaskGenericNotifyFromISR          
00001385  xTaskGetCurrentTaskHandle          
00000b81  xTaskGetTickCount                  
00000b95  xTaskGetTickCountFromISR           
00000cc9  xTaskIncrementTick                 
00001a13  xTaskNotifyStateClear              
000016c9  xTaskNotifyWait                    
00001499  xTaskPriorityDisinherit            
000013b9  xTaskPriorityInherit               
00000ee9  xTaskRemoveFromEventList           
00000a9d  xTaskResumeAll                     
00000993  xTaskResumeFromISR                 


GLOBAL SYMBOLS: SORTED BY Symbol Address 

address   name                               
-------   ----                               
00000000  __TI_static_base__                 
00000000  g_pfnVectors                       
00000200  __STACK_SIZE                       
0000026d  xTaskCreate                        
00000467  vTaskDelete                        
00000515  vTaskDelayUntil                    
000005a5  vTaskDelay                         
000005e1  eTaskGetState                      
00000675  uxTaskPriorityGet                  
000006a5  uxTaskPriorityGetFromISR           
000006f1  vTaskPrioritySet                   
00000809  vTaskSuspend                       
00000919  vTaskResume                        
00000993  xTaskResumeFromISR                 
00000a21  vTaskStartScheduler                
00000a6b  vTaskEndScheduler                  
00000a8d  vTaskSuspendAll                    
00000a9d  xTaskResumeAll                     
00000b81  xTaskGetTickCount                  
00000b95  xTaskGetTickCountFromISR           
00000ba9  uxTaskGetNumberOfTasks             
00000baf  pcTaskGetName                      
00000bd5  uxTaskGetSystemState               
00000cc9  xTaskIncrementTick                 
00000df1  vTaskSwitchContext                 
00000e93  vTaskPlaceOnEventList              
00000eaf  vTaskPlaceOnUnorderedEventList     
00000ee9  xTaskRemoveFromEventList           
00000f69  vTaskRemoveFromUnorderedEventList  
00000fd1  vTaskSetTimeOutState               
00000fef  vTaskInternalSetTimeOutState       
00001015  xTaskCheckForTimeOut               
0000109d  vTaskMissedYield                   
000010a5  uxTaskGetTaskNumber                
000010c5  vTaskSetTaskNumber                 
00001181  vTaskGetInfo                       
00001311  uxTaskGetStackHighWaterMark        
00001385  xTaskGetCurrentTaskHandle          
000013b9  xTaskPriorityInherit               
00001499  xTaskPriorityDisinherit            
00001537  vTaskPriorityDisinheritAfterTimeout
00001609  uxTaskResetEventItemValue          
0000162b  pvTaskIncrementMutexHeldCount      
00001649  ulTaskNotifyTake                   
000016c9  xTaskNotifyWait                    
0000176b  xTaskGenericNotify                 
00001855  xTaskGenericNotifyFromISR          
00001965  vTaskNotifyGiveFromISR             
00001a13  xTaskNotifyStateClear              
00001b0d  xQueueGenericReset                 
00001bab  xQueueGenericCreate                
00001c65  xQueueCreateMutex                  
00001c91  xQueueGiveMutexRecursive           
00001ccd  xQueueTakeMutexRecursive           
00001d11  xQueueGenericSend                  
00001e3f  xQueueGenericSendFromISR           
00001ed9  xQueueGiveFromISR                  
00001f6b  xQueueReceive                      
00002089  xQueueSemaphoreTake                
000021e3  xQueuePeek                         
00002305  xQueueReceiveFromISR               
0000239d  xQueuePeekFromISR                  
000023ef  uxQueueMessagesWaiting             
00002405  uxQueueSpacesAvailable             
00002425  uxQueueMessagesWaitingFromISR      
00002437  vQueueDelete                       
0000244d  uxQueueGetQueueNumber              
0000245b  vQueueSetQueueNumber               
0000246d  ucQueueGetQueueType                
00002665  xQueueIsQueueEmptyFromISR          
000026a7  xQueueIsQueueFullFromISR           
000026c9  vQueueAddToRegistry                
0000270b  pcQueueGetName                     
0000274b  vQueueUnregisterQueue              
00002799  UARTStdioConfig                    
000027f9  UARTwrite                          
0000284b  UARTgets                           
00002911  UARTgetc                           
00002945  UARTvprintf                        
00002c3f  UARTprintf                         
00002c75  RGBBlinkIntHandler                 
00002ca3  RGBInit                            
00002d9d  RGBEnable                          
00002e55  RGBDisable                         
00002eb3  RGBSet                             
00002ecb  RGBColorSet                        
00002f75  RGBIntensitySet                    
00002f89  RGBBlinkRateSet                    
00003015  RGBColorGet                        
0000317d  LEDTaskInit                        
0000326d  pvPortMalloc                       
00003365  vPortFree                          
000033c3  xPortGetFreeHeapSize               
000033c9  vPortInitialiseBlocks              
000034f9  SwitchTaskInit                     
000035ad  pxPortInitialiseStack              
00003617  xPortStartScheduler                
0000364d  vPortEndScheduler                  
0000364f  vPortEnterCritical                 
0000366f  vPortExitCritical                  
00003685  xPortSysTickHandler                
000036ab  vPortSetupTimerInterrupt           
000036e9  vListInitialise                    
00003719  vListInitialiseItem                
00003729  vListInsertEnd                     
00003765  vListInsert                        
000037cb  uxListRemove                       
00003813  __aeabi_idiv0                      
00003815  ButtonsPoll                        
000038bb  ButtonsInit                        
0000393d  SysCtlClockGet                     
00003a4d  vApplicationStackOverflowHook      
00003a57  ConfigureUART                      
00003ab1  main                               
00003b49  ulPortGetIPSR                      
00003b61  xPortPendSVHandler                 
00003bc1  vPortSVCHandler                    
00003be1  vPortStartFirstTask                
00003c05  vPortEnableVFP                     
00003c13  __aeabi_memcpy                     
00003c13  __aeabi_memcpy4                    
00003c13  __aeabi_memcpy8                    
00003c13  memcpy                             
00003caf  __aeabi_memclr                     
00003caf  __aeabi_memclr4                    
00003caf  __aeabi_memclr8                    
00003cb1  __aeabi_memset                     
00003cb1  __aeabi_memset4                    
00003cb1  __aeabi_memset8                    
00003cb7  memset                             
00003d29  __TI_decompress_lzss               
00003d91  __aeabi_f2ulz                      
00003de1  __TI_auto_init_nobinit_nopinit     
00003e25  __aeabi_uidiv                      
00003e25  __aeabi_uidivmod                   
00003e65  _c_int00_noargs                    
00003e9d  __TI_decompress_none               
00003eab  __TI_zero_init                     
00003eb7  ResetISR                           
00003ec3  UARTClockSourceSet                 
00003ec9  C$$EXIT                            
00003ec9  abort                              
00003ecd  _system_pre_init                   
00003f68  ulMaxSyscallInterruptPriority      
00003f88  __TI_Handler_Table_Base            
00003f94  __TI_Handler_Table_Limit           
00003fa0  __TI_CINIT_Base                    
00003fb0  __TI_CINIT_Limit                   
20007670  xQueueRegistry                     
2000774c  g_pLEDQueue                        
20007750  g_pUARTSemaphore                   
20007758  __stack                            
20007958  __STACK_END                        
20007958  __STACK_TOP                        
20007958  pxCurrentTCB                       
ffffffff  __TI_pprof_out_hndl                
ffffffff  __TI_prof_data_size                
ffffffff  __TI_prof_data_start               
ffffffff  __binit__                          
ffffffff  __c_args__                         
ffffffff  binit                              
UNDEFED   __mpu_init                         
UNDEFED   _system_post_cinit                 

[163 symbols]
